******************************************************************************
             TMS320C2000 Linker PC v16.9.1                     
******************************************************************************
>> Linked Sun Mar 17 11:04:58 2019

OUTPUT FILE NAME:   <Ti28035_flashLoad.out>
ENTRY POINT SYMBOL: "_c_int00"  address: 003f6ddd


MEMORY CONFIGURATION

         name            origin    length      used     unused   attr    fill
----------------------  --------  ---------  --------  --------  ----  --------
PAGE 0:
  RAML0                 00008000   00000800  0000000b  000007f5  RWIX
  OTP                   003d7800   00000400  00000000  00000400  RWIX
  FLASHC                003e8000   00002000  00000000  00002000  RWIX
  FLASHB                003ea000   0000bffd  00000000  0000bffd  RWIX
  AppFlag               003f5fff   00000001  00000000  00000001  RWIX
  FLASHA                003f6000   00001f80  0000101f  00000f61  RWIX
  CSM_RSVD              003f7f80   00000076  00000076  00000000  RWIX
  BEGIN                 003f7ff6   00000002  00000002  00000000  RWIX
  CSM_PWL_P0            003f7ff8   00000008  00000008  00000000  RWIX
  IQTABLES              003fe000   00000b50  00000000  00000b50  RWIX
  IQTABLES2             003feb50   0000008c  00000000  0000008c  RWIX
  IQTABLES3             003febdc   000000aa  00000000  000000aa  RWIX
  ROM                   003ff27c   00000d44  00000000  00000d44  RWIX
  RESET                 003fffc0   00000002  00000000  00000002  RWIX
  VECTORS               003fffc2   0000003e  00000000  0000003e  RWIX

PAGE 1:
  BOOT_RSVD             00000000   00000050  00000000  00000050  RWIX
  RAMM0                 00000050   000003b0  00000300  000000b0  RWIX
  RAMM1                 00000400   00000200  00000002  000001fe  RWIX
  RAMM2                 00000600   00000200  00000002  000001fe  RWIX
  DEV_EMU               00000880   00000105  00000000  00000105  RWIX
  SYS_PWR_CTL           00000985   00000003  00000003  00000000  RWIX
  FLASH_REGS            00000a80   00000060  00000008  00000058  RWIX
  CSM                   00000ae0   00000010  00000010  00000000  RWIX
  ADC_RESULT            00000b00   00000020  00000020  00000000  RWIX
  CPU_TIMER0            00000c00   00000008  00000008  00000000  RWIX
  CPU_TIMER1            00000c08   00000008  00000008  00000000  RWIX
  CPU_TIMER2            00000c10   00000008  00000008  00000000  RWIX
  PIE_CTRL              00000ce0   00000020  0000001a  00000006  RWIX
  PIE_VECT              00000d00   00000100  00000100  00000000  RWIX
  CLA1                  00001400   00000080  00000040  00000040  RWIX
  ECANA                 00006000   00000040  00000034  0000000c  RWIX
  ECANA_LAM             00006040   00000040  00000040  00000000  RWIX
  ECANA_MOTS            00006080   00000040  00000040  00000000  RWIX
  ECANA_MOTO            000060c0   00000040  00000040  00000000  RWIX
  ECANA_MBOX            00006100   00000100  00000100  00000000  RWIX
  COMP1                 00006400   00000020  00000000  00000020  RWIX
  COMP2                 00006420   00000020  00000000  00000020  RWIX
  COMP3                 00006440   00000020  00000000  00000020  RWIX
  EPWM1                 00006800   00000040  00000000  00000040  RWIX
  EPWM2                 00006840   00000040  00000000  00000040  RWIX
  EPWM3                 00006880   00000040  00000000  00000040  RWIX
  EPWM4                 000068c0   00000040  00000000  00000040  RWIX
  EPWM5                 00006900   00000040  00000000  00000040  RWIX
  EPWM6                 00006940   00000040  00000000  00000040  RWIX
  EPWM7                 00006980   00000040  00000000  00000040  RWIX
  ECAP1                 00006a00   00000020  00000000  00000020  RWIX
  HRCAP1                00006ac0   00000020  00000000  00000020  RWIX
  HRCAP2                00006ae0   00000020  00000000  00000020  RWIX
  EQEP1                 00006b00   00000040  00000000  00000040  RWIX
  LINA                  00006c00   00000080  00000000  00000080  RWIX
  GPIOCTRL              00006f80   00000040  00000040  00000000  RWIX
  GPIODAT               00006fc0   00000020  00000020  00000000  RWIX
  GPIOINT               00006fe0   00000020  0000000c  00000014  RWIX
  SYSTEM                00007010   00000020  00000020  00000000  RWIX
  SPIA                  00007040   00000010  00000010  00000000  RWIX
  SCIA                  00007050   00000010  00000010  00000000  RWIX
  NMIINTRUPT            00007060   00000010  00000000  00000010  RWIX
  XINTRUPT              00007070   00000010  00000000  00000010  RWIX
  ADC                   00007100   00000080  00000050  00000030  RWIX
  SPIB                  00007740   00000010  00000010  00000000  RWIX
  I2CA                  00007900   00000040  00000000  00000040  RWIX
  RAML2                 00008800   00001800  000010dc  00000724  RWIX
  PARTID                003d7e80   00000001  00000000  00000001  RWIX
  CSM_PWL               003f7ff8   00000008  00000008  00000000  RWIX


SECTION ALLOCATION MAP

 output                                  attributes/
section   page    origin      length       input sections
--------  ----  ----------  ----------   ----------------
SysPwrCtrlRegsFile 
*          1    00000985    00000003     UNINITIALIZED
                  00000985    00000003     DSP2803x_GlobalVariableDefs.obj (SysPwrCtrlRegsFile)

FlashRegsFile 
*          1    00000a80    00000008     UNINITIALIZED
                  00000a80    00000008     DSP2803x_GlobalVariableDefs.obj (FlashRegsFile)

CsmRegsFile 
*          1    00000ae0    00000010     UNINITIALIZED
                  00000ae0    00000010     DSP2803x_GlobalVariableDefs.obj (CsmRegsFile)

AdcResultFile 
*          1    00000b00    00000020     UNINITIALIZED
                  00000b00    00000020     DSP2803x_GlobalVariableDefs.obj (AdcResultFile)

CpuTimer0RegsFile 
*          1    00000c00    00000008     UNINITIALIZED
                  00000c00    00000008     DSP2803x_GlobalVariableDefs.obj (CpuTimer0RegsFile)

CpuTimer1RegsFile 
*          1    00000c08    00000008     UNINITIALIZED
                  00000c08    00000008     DSP2803x_GlobalVariableDefs.obj (CpuTimer1RegsFile)

CpuTimer2RegsFile 
*          1    00000c10    00000008     UNINITIALIZED
                  00000c10    00000008     DSP2803x_GlobalVariableDefs.obj (CpuTimer2RegsFile)

PieCtrlRegsFile 
*          1    00000ce0    0000001a     UNINITIALIZED
                  00000ce0    0000001a     DSP2803x_GlobalVariableDefs.obj (PieCtrlRegsFile)

PieVectTableFile 
*          1    00000d00    00000100     UNINITIALIZED
                  00000d00    00000100     DSP2803x_GlobalVariableDefs.obj (PieVectTableFile)

EmuKeyVar 
*          1    00000d00    00000001     UNINITIALIZED
                  00000d00    00000001     DSP2803x_GlobalVariableDefs.obj (EmuKeyVar)

EmuBModeVar 
*          1    00000d01    00000001     UNINITIALIZED
                  00000d01    00000001     DSP2803x_GlobalVariableDefs.obj (EmuBModeVar)

FlashCallbackVar 
*          1    00000d02    00000002     UNINITIALIZED
                  00000d02    00000002     DSP2803x_GlobalVariableDefs.obj (FlashCallbackVar)

FlashScalingVar 
*          1    00000d04    00000002     UNINITIALIZED
                  00000d04    00000002     DSP2803x_GlobalVariableDefs.obj (FlashScalingVar)

Cla1RegsFile 
*          1    00001400    00000040     UNINITIALIZED
                  00001400    00000040     DSP2803x_GlobalVariableDefs.obj (Cla1RegsFile)

ECanaRegsFile 
*          1    00006000    00000034     UNINITIALIZED
                  00006000    00000034     DSP2803x_GlobalVariableDefs.obj (ECanaRegsFile)

ECanaLAMRegsFile 
*          1    00006040    00000040     UNINITIALIZED
                  00006040    00000040     DSP2803x_GlobalVariableDefs.obj (ECanaLAMRegsFile)

ECanaMOTSRegsFile 
*          1    00006080    00000040     UNINITIALIZED
                  00006080    00000040     DSP2803x_GlobalVariableDefs.obj (ECanaMOTSRegsFile)

ECanaMOTORegsFile 
*          1    000060c0    00000040     UNINITIALIZED
                  000060c0    00000040     DSP2803x_GlobalVariableDefs.obj (ECanaMOTORegsFile)

ECanaMboxesFile 
*          1    00006100    00000100     UNINITIALIZED
                  00006100    00000100     DSP2803x_GlobalVariableDefs.obj (ECanaMboxesFile)

.text      0    003f6000    00000f9a     
                  003f6000    00000372     bootApp.obj (.text)
                  003f6372    0000035d     candriver.obj (.text)
                  003f66cf    0000022e     candsp.obj (.text)
                  003f68fd    00000140     DSP2803x_SysCtrl.obj (.text)
                  003f6a3d    00000119     boot.obj (.text)
                  003f6b56    000000b9     basic.obj (.text)
                  003f6c0f    0000009a     mempool.obj (.text)
                  003f6ca9    00000072     DSP2803x_CpuTimers.obj (.text)
                  003f6d1b    00000068     canmsgblock.obj (.text)
                  003f6d83    0000005a     rts2800_ml.lib : fs_mpy28.obj (.text)
                  003f6ddd    00000054                    : boot28.obj (.text)
                  003f6e31    00000043     main.obj (.text)
                  003f6e74    0000002f     boot.obj (.text:retain)
                  003f6ea3    00000029     rts2800_ml.lib : exit.obj (.text)
                  003f6ecc    00000029                    : fs_tol28.obj (.text)
                  003f6ef5    00000028     DSP2803x_PieCtrl.obj (.text)
                  003f6f1d    00000024     rts2800_ml.lib : cpy_tbl.obj (.text)
                  003f6f41    0000001d                    : memcpy.obj (.text)
                  003f6f5e    00000019                    : args_main.obj (.text)
                  003f6f77    0000000b                    : u_div28.obj (.text)
                  003f6f82    00000009                    : _lock.obj (.text)
                  003f6f8b    00000008     DSP2803x_CodeStartBranch.obj (.text)
                  003f6f93    00000004     assertEx.obj (.text)
                  003f6f97    00000002     rts2800_ml.lib : pre_init.obj (.text)
                  003f6f99    00000001                    : startup.obj (.text)

.cinit     0    003f6f9a    00000047     
                  003f6f9a    0000001f     bootApp.obj (.cinit)
                  003f6fb9    0000000e     rts2800_ml.lib : exit.obj (.cinit)
                  003f6fc7    0000000a     canmsgblock.obj (.cinit)
                  003f6fd1    00000005     rts2800_ml.lib : _lock.obj (.cinit:__lock)
                  003f6fd6    00000005                    : _lock.obj (.cinit:__unlock)
                  003f6fdb    00000004     candsp.obj (.cinit)
                  003f6fdf    00000002     --HOLE-- [fill = 0]

.econst    0    003f6fe2    00000033     
                  003f6fe2    0000001f     main.obj (.econst:.string)
                  003f7001    0000000a     candriver.obj (.econst:.string:_l_this_file)
                  003f700b    00000008     mempool.obj (.econst:.string:_l_this_file)
                  003f7013    00000002     bootApp.obj (.econst:_$P$T0$1)

ramfuncs   0    003f7015    0000000b     RUN ADDR = 00008000
                  003f7015    00000007     boot.obj (ramfuncs)
                  003f701c    00000004     DSP2803x_usDelay.obj (ramfuncs)

csm_rsvd   0    003f7f80    00000076     
                  003f7f80    00000076     DSP2803x_CSMPasswords.obj (csm_rsvd)

codestart 
*          0    003f7ff6    00000002     
                  003f7ff6    00000002     DSP2803x_CodeStartBranch.obj (codestart)

csmpasswds 
*          0    003f7ff8    00000008     
                  003f7ff8    00000008     DSP2803x_CSMPasswords.obj (csmpasswds)

.stack     1    00000050    00000300     UNINITIALIZED
                  00000050    00000300     --HOLE--

GlobalData 
*          1    00000400    00000002     UNINITIALIZED
                  00000400    00000002     bootApp.obj (GlobalData)

GlobalData1 
*          1    00000600    00000002     UNINITIALIZED
                  00000600    00000002     bootApp.obj (GlobalData1)

GpioCtrlRegsFile 
*          1    00006f80    00000040     UNINITIALIZED
                  00006f80    00000040     DSP2803x_GlobalVariableDefs.obj (GpioCtrlRegsFile)

GpioDataRegsFile 
*          1    00006fc0    00000020     UNINITIALIZED
                  00006fc0    00000020     DSP2803x_GlobalVariableDefs.obj (GpioDataRegsFile)

GpioIntRegsFile 
*          1    00006fe0    0000000c     UNINITIALIZED
                  00006fe0    0000000c     DSP2803x_GlobalVariableDefs.obj (GpioIntRegsFile)

SysCtrlRegsFile 
*          1    00007010    00000020     UNINITIALIZED
                  00007010    00000020     DSP2803x_GlobalVariableDefs.obj (SysCtrlRegsFile)

SpiaRegsFile 
*          1    00007040    00000010     UNINITIALIZED
                  00007040    00000010     DSP2803x_GlobalVariableDefs.obj (SpiaRegsFile)

SciaRegsFile 
*          1    00007050    00000010     UNINITIALIZED
                  00007050    00000010     DSP2803x_GlobalVariableDefs.obj (SciaRegsFile)

AdcRegsFile 
*          1    00007100    00000050     UNINITIALIZED
                  00007100    00000050     DSP2803x_GlobalVariableDefs.obj (AdcRegsFile)

SpibRegsFile 
*          1    00007740    00000010     UNINITIALIZED
                  00007740    00000010     DSP2803x_GlobalVariableDefs.obj (SpibRegsFile)

.ebss      1    00008800    000010dc     UNINITIALIZED
                  00008800    00000c70     basic.obj (.ebss)
                  00009470    00000006     rts2800_ml.lib : exit.obj (.ebss)
                  00009476    00000002                    : _lock.obj (.ebss:__lock)
                  00009478    00000002                    : _lock.obj (.ebss:__unlock)
                  0000947a    00000001     candsp.obj (.ebss)
                  0000947b    00000005     --HOLE--
                  00009480    00000240     bootApp.obj (.ebss)
                  000096c0    0000016c     canmsgblock.obj (.ebss)
                  0000982c    00000014     --HOLE--
                  00009840    00000083     candriver.obj (.ebss)
                  000098c3    00000001     --HOLE--
                  000098c4    00000018     DSP2803x_CpuTimers.obj (.ebss)

CsmPwlFile 
*          1    003f7ff8    00000008     UNINITIALIZED
                  003f7ff8    00000008     DSP2803x_GlobalVariableDefs.obj (CsmPwlFile)

.pinit     0    003f6000    00000000     UNINITIALIZED

.reset     0    003fffc0    00000002     DSECT
                  003fffc0    00000002     rts2800_ml.lib : boot28.obj (.reset)

vectors    0    003fffc2    00000000     DSECT

MODULE SUMMARY

       Module                            code   initialized data   uninitialized data
       ------                            ----   ----------------   ------------------
    .\
       main.obj                          67     31                 0                 
    +--+---------------------------------+------+------------------+--------------------+
       Total:                            67     31                 0                 
                                                                                     
    .\Can\can\
       candriver.obj                     861    10                 131               
       canmsgblock.obj                   104    10                 364               
    +--+---------------------------------+------+------------------+--------------------+
       Total:                            965    20                 495               
                                                                                     
    .\Can\candsp\
       candsp.obj                        558    4                  1                 
    +--+---------------------------------+------+------------------+--------------------+
       Total:                            558    4                  1                 
                                                                                     
    .\DspBootLoad\
       bootApp.obj                       882    33                 580               
       boot.obj                          342    0                  0                 
    +--+---------------------------------+------+------------------+--------------------+
       Total:                            1224   33                 580               
                                                                                     
    .\Dsp\src\
       DSP2803x_GlobalVariableDefs.obj   0      0                  1211              
       DSP2803x_SysCtrl.obj              320    0                  0                 
       DSP2803x_CpuTimers.obj            114    0                  24                
       DSP2803x_CSMPasswords.obj         0      126                0                 
       DSP2803x_PieCtrl.obj              40     0                  0                 
       DSP2803x_CodeStartBranch.obj      10     0                  0                 
       DSP2803x_usDelay.obj              8      0                  0                 
    +--+---------------------------------+------+------------------+--------------------+
       Total:                            492    126                1235              
                                                                                     
    .\Public\
       basic.obj                         185    0                  3184              
       mempool.obj                       154    8                  0                 
       assertEx.obj                      4      0                  0                 
    +--+---------------------------------+------+------------------+--------------------+
       Total:                            343    8                  3184              
                                                                                     
    C:\software\ccs7.0\ccsv7\tools\compiler\ti-cgt-c2000_16.9.1.LTS\lib\rts2800_ml.lib
       fs_mpy28.obj                      90     0                  0                 
       boot28.obj                        84     0                  0                 
       exit.obj                          41     14                 6                 
       fs_tol28.obj                      41     0                  0                 
       cpy_tbl.obj                       36     0                  0                 
       memcpy.obj                        29     0                  0                 
       args_main.obj                     25     0                  0                 
       _lock.obj                         9      10                 4                 
       u_div28.obj                       11     0                  0                 
       pre_init.obj                      2      0                  0                 
       startup.obj                       1      0                  0                 
    +--+---------------------------------+------+------------------+--------------------+
       Total:                            369    24                 10                
                                                                                     
       Stack:                            0      0                  768               
    +--+---------------------------------+------+------------------+--------------------+
       Grand Total:                      4018   246                6273              


GLOBAL DATA SYMBOLS: SORTED BY DATA PAGE

address     data page           name
--------    ----------------    ----
00000050       1 (00000040)     __stack

00000400      10 (00000400)     _bootData

00000600      18 (00000600)     _frameNum

00000985      26 (00000980)     _SysPwrCtrlRegs

00000a80      2a (00000a80)     _FlashRegs

00000ae0      2b (00000ac0)     _CsmRegs

00000b00      2c (00000b00)     _AdcResult

00000c00      30 (00000c00)     _CpuTimer0Regs
00000c08      30 (00000c00)     _CpuTimer1Regs
00000c10      30 (00000c00)     _CpuTimer2Regs

00000ce0      33 (00000cc0)     _PieCtrlRegs

00000d00      34 (00000d00)     _EmuKey
00000d00      34 (00000d00)     _PieVectTable
00000d01      34 (00000d00)     _EmuBMode
00000d02      34 (00000d00)     _Flash_CallbackPtr
00000d04      34 (00000d00)     _Flash_CPUScaleFactor

00001400      50 (00001400)     _Cla1Regs

00006000     180 (00006000)     _ECanaRegs

00006040     181 (00006040)     _ECanaLAMRegs

00006080     182 (00006080)     _ECanaMOTSRegs

000060c0     183 (000060c0)     _ECanaMOTORegs

00006100     184 (00006100)     _ECanaMboxes

00006f80     1be (00006f80)     _GpioCtrlRegs

00006fc0     1bf (00006fc0)     _GpioDataRegs
00006fe0     1bf (00006fc0)     _GpioIntRegs

00007010     1c0 (00007000)     _SysCtrlRegs

00007040     1c1 (00007040)     _SpiaRegs
00007050     1c1 (00007040)     _SciaRegs

00007100     1c4 (00007100)     _AdcRegs

00007740     1dd (00007740)     _SpibRegs

00008800     220 (00008800)     _clusterPool

00008840     221 (00008840)     _clusterbuffSto

00009470     251 (00009440)     ___TI_enable_exit_profile_output
00009472     251 (00009440)     ___TI_cleanup_ptr
00009474     251 (00009440)     ___TI_dtors_ptr
00009476     251 (00009440)     __lock
00009478     251 (00009440)     __unlock

00009482     252 (00009480)     _bootState
00009484     252 (00009480)     _chksum
00009486     252 (00009480)     _chkres

000094c0     253 (000094c0)     _crc_table

000096c0     25b (000096c0)     _sCHead
000096c2     25b (000096c0)     _rCHead
000096c4     25b (000096c0)     _canPool

00009700     25c (00009700)     _canbuffSto

00009840     261 (00009840)     _isMBoxEmpty
00009841     261 (00009840)     _canNode
00009846     261 (00009840)     _receiveMsgLinks

00009880     262 (00009880)     _receiveImfor

000098c4     263 (000098c0)     _CpuTimer1
000098cc     263 (000098c0)     _CpuTimer2
000098d4     263 (000098c0)     _CpuTimer0

003f7ff8    fdff (003f7fc0)     _CsmPwl


GLOBAL SYMBOLS: SORTED ALPHABETICALLY BY Name 

page  address   name                            
----  -------   ----                            
0     003f6000  .text                           
0     003f6ea3  C$$EXIT                         
0     003f6d83  FS$$MPY                         
0     003f6ecc  FS$$TOL                         
0     003f6f77  U$$DIV                          
0     003f6f7c  U$$MOD                          
1     00007100  _AdcRegs                        
1     00000b00  _AdcResult                      
0     003f60d2  _BootApp_SM                     
0     003f60c4  _BootApp_handle                 
0     003f6056  _BootApp_init                   
0     003f60dd  _BootApp_recievePro             
0     003f60f8  _BootApp_replay                 
0     003f60b6  _BootApp_setDspFunction         
0     003f6067  _BootApp_setDspSeries           
0     003f60bd  _BootApp_setDspState            
0     003f608b  _BootApp_setDspTips             
0     003f60af  _BootApp_setDspVersion          
0     003f6a57  _BootComplete                   
0     003f6a82  _CSM_unLock                     
0     003f64f6  _Can_CommandBroadcastToSlave    
0     003f6532  _Can_CommandSendToMonitor       
0     003f64b4  _Can_CommandSendToSlave         
0     003f64d9  _Can_RequestBroadcastToSlave    
0     003f6513  _Can_RequestSendToMonitor       
0     003f648f  _Can_RequestSendToSlave         
0     003f6551  _Can_driverFilterCalc           
0     003f6852  _Can_dspInterrupt               
0     003f67e9  _Can_dspSend                    
0     003f6570  _Can_getNodeImfor               
0     003f638a  _Can_globalInit                 
0     003f6d26  _Can_msgInsert                  
0     003f6d72  _Can_msgNum                     
0     003f6d52  _Can_msgPop                     
0     003f65a7  _Can_msgPro                     
0     003f637a  _Can_nodeInit                   
0     003f6d1b  _Can_poolInit                   
0     003f67c8  _Can_post                       
0     003f63a0  _Can_push                       
1     00001400  _Cla1Regs                       
0     003f6cea  _ConfigCpuTimer                 
1     000098d4  _CpuTimer0                      
1     00000c00  _CpuTimer0Regs                  
1     000098c4  _CpuTimer1                      
1     00000c08  _CpuTimer1Regs                  
1     000098cc  _CpuTimer2                      
1     00000c10  _CpuTimer2Regs                  
1     003f7ff8  _CsmPwl                         
1     00000ae0  _CsmRegs                        
0     003f69be  _CsmUnlock                      
0     00008007  _DSP28x_usDelay                 
0     003f6b0a  _DSP_initBasic                  
0     003f6ab3  _DSP_initFlashAPI               
0     003f6921  _DisableDog                     
1     00006040  _ECanaLAMRegs                   
1     000060c0  _ECanaMOTORegs                  
1     00006080  _ECanaMOTSRegs                  
1     00006100  _ECanaMboxes                    
1     00006000  _ECanaRegs                      
1     00000d01  _EmuBMode                       
1     00000d00  _EmuKey                         
0     003f6f14  _EnableInterrupts               
0     003f6a27  _ExtOscSel                      
abs   003ff9b3  _Flash2803x_Erase               
abs   003ff8d2  _Flash2803x_Program             
abs   003ffdd5  _Flash2803x_Verify              
1     00000a80  _FlashRegs                      
1     00000d04  _Flash_CPUScaleFactor           
1     00000d02  _Flash_CallbackPtr              
1     00006f80  _GpioCtrlRegs                   
1     00006fc0  _GpioDataRegs                   
1     00006fe0  _GpioIntRegs                    
0     003f6ca9  _InitCpuTimers                  
0     003f697e  _InitPeripheralClocks           
0     003f6ef5  _InitPieCtrl                    
0     003f6929  _InitPll                        
0     003f68fd  _InitSysCtrl                    
0     003f69ef  _IntOsc1Sel                     
0     003f69ff  _IntOsc2Sel                     
0     003f6c83  _MemPool_get                    
0     003f6c0f  _MemPool_init                   
0     003f6c5e  _MemPool_put                    
0     003f6b61  _NumToString                    
1     00000ce0  _PieCtrlRegs                    
1     00000d00  _PieVectTable                   
0     003f7020  _RamfuncsLoadEnd                
0     003f7015  _RamfuncsLoadStart              
0     00008000  _RamfuncsRunStart               
1     00007050  _SciaRegs                       
0     003f6917  _ServiceDog                     
1     00007040  _SpiaRegs                       
1     00007740  _SpibRegs                       
1     00007010  _SysCtrlRegs                    
1     00000985  _SysPwrCtrlRegs                 
0     003f6a13  _XtalOscSel                     
1     00000350  __STACK_END                     
abs   00000300  __STACK_SIZE                    
1     00009472  ___TI_cleanup_ptr               
1     00009474  ___TI_dtors_ptr                 
1     00009470  ___TI_enable_exit_profile_output
abs   ffffffff  ___TI_pprof_out_hndl            
abs   ffffffff  ___TI_prof_data_size            
abs   ffffffff  ___TI_prof_data_start           
abs   ffffffff  ___binit__                      
abs   ffffffff  ___c_args__                     
0     003f6f9a  ___cinit__                      
0     003f6f9a  ___etext__                      
abs   ffffffff  ___pinit__                      
0     003f6000  ___text__                       
0     003f6f5e  __args_main                     
1     00009476  __lock                          
0     003f6f8a  __nop                           
0     003f6f86  __register_lock                 
0     003f6f82  __register_unlock               
1     00000050  __stack                         
0     003f6f99  __system_post_cinit             
0     003f6f97  __system_pre_init               
1     00009478  __unlock                        
0     003f6ea3  _abort                          
1     00000400  _bootData                       
1     00009482  _bootState                      
0     003f6be7  _bzero                          
0     003f6ddd  _c_int00                        
1     00009841  _canNode                        
1     000096c4  _canPool                        
0     003f66cf  _can_dspInit                    
1     00009700  _canbuffSto                     
1     00009486  _chkres                         
1     00009484  _chksum                         
1     00008800  _clusterPool                    
0     003f6b56  _cluster_PoolInit               
1     00008840  _clusterbuffSto                 
0     003f6f1d  _copy_in                        
1     000094c0  _crc_table                      
0     003f6a5c  _eraseAppFlashSectors           
0     00008000  _error                          
0     003f6ea5  _exit                           
1     00000600  _frameNum                       
0     003f6a3d  _isBootLoadNeed                 
1     00009840  _isMBoxEmpty                    
0     003f6e31  _main                           
0     003f6bfa  _mem_set                        
0     003f6a6f  _memcopyEx                      
0     003f6f41  _memcpy                         
0     003f6f93  _onAssert                       
0     003f6b8c  _outputAsciiToHex               
1     000096c2  _rCHead                         
1     00009880  _receiveImfor                   
1     00009846  _receiveMsgLinks                
1     000096c0  _sCHead                         
abs   ffffffff  binit                           
0     003f6f9a  cinit                           
0     003f7ff6  code_start                      
0     003f6f9a  etext                           
abs   ffffffff  pinit                           


GLOBAL SYMBOLS: SORTED BY Symbol Address 

page  address   name                            
----  -------   ----                            
0     00008000  _RamfuncsRunStart               
0     00008000  _error                          
0     00008007  _DSP28x_usDelay                 
0     003f6000  .text                           
0     003f6000  ___text__                       
0     003f6056  _BootApp_init                   
0     003f6067  _BootApp_setDspSeries           
0     003f608b  _BootApp_setDspTips             
0     003f60af  _BootApp_setDspVersion          
0     003f60b6  _BootApp_setDspFunction         
0     003f60bd  _BootApp_setDspState            
0     003f60c4  _BootApp_handle                 
0     003f60d2  _BootApp_SM                     
0     003f60dd  _BootApp_recievePro             
0     003f60f8  _BootApp_replay                 
0     003f637a  _Can_nodeInit                   
0     003f638a  _Can_globalInit                 
0     003f63a0  _Can_push                       
0     003f648f  _Can_RequestSendToSlave         
0     003f64b4  _Can_CommandSendToSlave         
0     003f64d9  _Can_RequestBroadcastToSlave    
0     003f64f6  _Can_CommandBroadcastToSlave    
0     003f6513  _Can_RequestSendToMonitor       
0     003f6532  _Can_CommandSendToMonitor       
0     003f6551  _Can_driverFilterCalc           
0     003f6570  _Can_getNodeImfor               
0     003f65a7  _Can_msgPro                     
0     003f66cf  _can_dspInit                    
0     003f67c8  _Can_post                       
0     003f67e9  _Can_dspSend                    
0     003f6852  _Can_dspInterrupt               
0     003f68fd  _InitSysCtrl                    
0     003f6917  _ServiceDog                     
0     003f6921  _DisableDog                     
0     003f6929  _InitPll                        
0     003f697e  _InitPeripheralClocks           
0     003f69be  _CsmUnlock                      
0     003f69ef  _IntOsc1Sel                     
0     003f69ff  _IntOsc2Sel                     
0     003f6a13  _XtalOscSel                     
0     003f6a27  _ExtOscSel                      
0     003f6a3d  _isBootLoadNeed                 
0     003f6a57  _BootComplete                   
0     003f6a5c  _eraseAppFlashSectors           
0     003f6a6f  _memcopyEx                      
0     003f6a82  _CSM_unLock                     
0     003f6ab3  _DSP_initFlashAPI               
0     003f6b0a  _DSP_initBasic                  
0     003f6b56  _cluster_PoolInit               
0     003f6b61  _NumToString                    
0     003f6b8c  _outputAsciiToHex               
0     003f6be7  _bzero                          
0     003f6bfa  _mem_set                        
0     003f6c0f  _MemPool_init                   
0     003f6c5e  _MemPool_put                    
0     003f6c83  _MemPool_get                    
0     003f6ca9  _InitCpuTimers                  
0     003f6cea  _ConfigCpuTimer                 
0     003f6d1b  _Can_poolInit                   
0     003f6d26  _Can_msgInsert                  
0     003f6d52  _Can_msgPop                     
0     003f6d72  _Can_msgNum                     
0     003f6d83  FS$$MPY                         
0     003f6ddd  _c_int00                        
0     003f6e31  _main                           
0     003f6ea3  C$$EXIT                         
0     003f6ea3  _abort                          
0     003f6ea5  _exit                           
0     003f6ecc  FS$$TOL                         
0     003f6ef5  _InitPieCtrl                    
0     003f6f14  _EnableInterrupts               
0     003f6f1d  _copy_in                        
0     003f6f41  _memcpy                         
0     003f6f5e  __args_main                     
0     003f6f77  U$$DIV                          
0     003f6f7c  U$$MOD                          
0     003f6f82  __register_unlock               
0     003f6f86  __register_lock                 
0     003f6f8a  __nop                           
0     003f6f93  _onAssert                       
0     003f6f97  __system_pre_init               
0     003f6f99  __system_post_cinit             
0     003f6f9a  ___cinit__                      
0     003f6f9a  ___etext__                      
0     003f6f9a  cinit                           
0     003f6f9a  etext                           
0     003f7015  _RamfuncsLoadStart              
0     003f7020  _RamfuncsLoadEnd                
0     003f7ff6  code_start                      
1     00000050  __stack                         
1     00000350  __STACK_END                     
1     00000400  _bootData                       
1     00000600  _frameNum                       
1     00000985  _SysPwrCtrlRegs                 
1     00000a80  _FlashRegs                      
1     00000ae0  _CsmRegs                        
1     00000b00  _AdcResult                      
1     00000c00  _CpuTimer0Regs                  
1     00000c08  _CpuTimer1Regs                  
1     00000c10  _CpuTimer2Regs                  
1     00000ce0  _PieCtrlRegs                    
1     00000d00  _EmuKey                         
1     00000d00  _PieVectTable                   
1     00000d01  _EmuBMode                       
1     00000d02  _Flash_CallbackPtr              
1     00000d04  _Flash_CPUScaleFactor           
1     00001400  _Cla1Regs                       
1     00006000  _ECanaRegs                      
1     00006040  _ECanaLAMRegs                   
1     00006080  _ECanaMOTSRegs                  
1     000060c0  _ECanaMOTORegs                  
1     00006100  _ECanaMboxes                    
1     00006f80  _GpioCtrlRegs                   
1     00006fc0  _GpioDataRegs                   
1     00006fe0  _GpioIntRegs                    
1     00007010  _SysCtrlRegs                    
1     00007040  _SpiaRegs                       
1     00007050  _SciaRegs                       
1     00007100  _AdcRegs                        
1     00007740  _SpibRegs                       
1     00008800  _clusterPool                    
1     00008840  _clusterbuffSto                 
1     00009470  ___TI_enable_exit_profile_output
1     00009472  ___TI_cleanup_ptr               
1     00009474  ___TI_dtors_ptr                 
1     00009476  __lock                          
1     00009478  __unlock                        
1     00009482  _bootState                      
1     00009484  _chksum                         
1     00009486  _chkres                         
1     000094c0  _crc_table                      
1     000096c0  _sCHead                         
1     000096c2  _rCHead                         
1     000096c4  _canPool                        
1     00009700  _canbuffSto                     
1     00009840  _isMBoxEmpty                    
1     00009841  _canNode                        
1     00009846  _receiveMsgLinks                
1     00009880  _receiveImfor                   
1     000098c4  _CpuTimer1                      
1     000098cc  _CpuTimer2                      
1     000098d4  _CpuTimer0                      
1     003f7ff8  _CsmPwl                         
abs   00000300  __STACK_SIZE                    
abs   003ff8d2  _Flash2803x_Program             
abs   003ff9b3  _Flash2803x_Erase               
abs   003ffdd5  _Flash2803x_Verify              
abs   ffffffff  ___TI_pprof_out_hndl            
abs   ffffffff  ___TI_prof_data_size            
abs   ffffffff  ___TI_prof_data_start           
abs   ffffffff  ___binit__                      
abs   ffffffff  ___c_args__                     
abs   ffffffff  ___pinit__                      
abs   ffffffff  binit                           
abs   ffffffff  pinit                           

[155 symbols]
