<?xml version="1.0"?>
<link_info>
   <banner>TMS320C2000 Linker PC v16.9.1.LTS</banner>
   <copyright>Copyright (c) 1996-2015 Texas Instruments Incorporated</copyright>
   <link_time>0x5a5dfaa5</link_time>
   <link_errors>0x0</link_errors>
   <output_file>Ti28035_flashLoad.out</output_file>
   <entry_point>
      <name>_c_int00</name>
      <address>0x3f6ddd</address>
   </entry_point>
   <input_file_list>
      <input_file id="fl-2">
         <path>.\</path>
         <kind>object</kind>
         <file>main.obj</file>
         <name>main.obj</name>
      </input_file>
      <input_file id="fl-3">
         <path>.\Can\can\</path>
         <kind>object</kind>
         <file>candriver.obj</file>
         <name>candriver.obj</name>
      </input_file>
      <input_file id="fl-4">
         <path>.\Can\can\</path>
         <kind>object</kind>
         <file>canmsgblock.obj</file>
         <name>canmsgblock.obj</name>
      </input_file>
      <input_file id="fl-5">
         <path>.\Can\candsp\</path>
         <kind>object</kind>
         <file>candsp.obj</file>
         <name>candsp.obj</name>
      </input_file>
      <input_file id="fl-6">
         <path>.\Dsp\src\</path>
         <kind>object</kind>
         <file>DSP2803x_CSMPasswords.obj</file>
         <name>DSP2803x_CSMPasswords.obj</name>
      </input_file>
      <input_file id="fl-7">
         <path>.\Dsp\src\</path>
         <kind>object</kind>
         <file>DSP2803x_CodeStartBranch.obj</file>
         <name>DSP2803x_CodeStartBranch.obj</name>
      </input_file>
      <input_file id="fl-8">
         <path>.\Dsp\src\</path>
         <kind>object</kind>
         <file>DSP2803x_CpuTimers.obj</file>
         <name>DSP2803x_CpuTimers.obj</name>
      </input_file>
      <input_file id="fl-9">
         <path>.\Dsp\src\</path>
         <kind>object</kind>
         <file>DSP2803x_GlobalVariableDefs.obj</file>
         <name>DSP2803x_GlobalVariableDefs.obj</name>
      </input_file>
      <input_file id="fl-a">
         <path>.\Dsp\src\</path>
         <kind>object</kind>
         <file>DSP2803x_PieCtrl.obj</file>
         <name>DSP2803x_PieCtrl.obj</name>
      </input_file>
      <input_file id="fl-b">
         <path>.\Dsp\src\</path>
         <kind>object</kind>
         <file>DSP2803x_Sci.obj</file>
         <name>DSP2803x_Sci.obj</name>
      </input_file>
      <input_file id="fl-c">
         <path>.\Dsp\src\</path>
         <kind>object</kind>
         <file>DSP2803x_SysCtrl.obj</file>
         <name>DSP2803x_SysCtrl.obj</name>
      </input_file>
      <input_file id="fl-d">
         <path>.\Dsp\src\</path>
         <kind>object</kind>
         <file>DSP2803x_usDelay.obj</file>
         <name>DSP2803x_usDelay.obj</name>
      </input_file>
      <input_file id="fl-e">
         <path>.\DspBootLoad\</path>
         <kind>object</kind>
         <file>boot.obj</file>
         <name>boot.obj</name>
      </input_file>
      <input_file id="fl-f">
         <path>.\DspBootLoad\</path>
         <kind>object</kind>
         <file>bootApp.obj</file>
         <name>bootApp.obj</name>
      </input_file>
      <input_file id="fl-10">
         <path>.\Public\</path>
         <kind>object</kind>
         <file>assertEx.obj</file>
         <name>assertEx.obj</name>
      </input_file>
      <input_file id="fl-11">
         <path>.\Public\</path>
         <kind>object</kind>
         <file>basic.obj</file>
         <name>basic.obj</name>
      </input_file>
      <input_file id="fl-12">
         <path>.\Public\</path>
         <kind>object</kind>
         <file>crc.obj</file>
         <name>crc.obj</name>
      </input_file>
      <input_file id="fl-13">
         <path>.\Public\</path>
         <kind>object</kind>
         <file>mempool.obj</file>
         <name>mempool.obj</name>
      </input_file>
      <input_file id="fl-1a">
         <path>..\</path>
         <kind>archive</kind>
         <file>2803x_FlashAPI_BootROMSymbols.lib</file>
         <name>__Release_TMS320x2803x_boot_rom_out__Flash2803x_Erase_tmp.obj</name>
      </input_file>
      <input_file id="fl-1b">
         <path>..\</path>
         <kind>archive</kind>
         <file>2803x_FlashAPI_BootROMSymbols.lib</file>
         <name>__Release_TMS320x2803x_boot_rom_out__Flash2803x_Program_tmp.obj</name>
      </input_file>
      <input_file id="fl-1c">
         <path>..\</path>
         <kind>archive</kind>
         <file>2803x_FlashAPI_BootROMSymbols.lib</file>
         <name>__Release_TMS320x2803x_boot_rom_out__Flash2803x_Verify_tmp.obj</name>
      </input_file>
      <input_file id="fl-2a">
         <path>C:\software\ccs7.0\ccsv7\tools\compiler\ti-cgt-c2000_16.9.1.LTS\lib\</path>
         <kind>archive</kind>
         <file>rts2800_ml.lib</file>
         <name>boot28.obj</name>
      </input_file>
      <input_file id="fl-2b">
         <path>C:\software\ccs7.0\ccsv7\tools\compiler\ti-cgt-c2000_16.9.1.LTS\lib\</path>
         <kind>archive</kind>
         <file>rts2800_ml.lib</file>
         <name>cpy_tbl.obj</name>
      </input_file>
      <input_file id="fl-2c">
         <path>C:\software\ccs7.0\ccsv7\tools\compiler\ti-cgt-c2000_16.9.1.LTS\lib\</path>
         <kind>archive</kind>
         <file>rts2800_ml.lib</file>
         <name>exit.obj</name>
      </input_file>
      <input_file id="fl-2d">
         <path>C:\software\ccs7.0\ccsv7\tools\compiler\ti-cgt-c2000_16.9.1.LTS\lib\</path>
         <kind>archive</kind>
         <file>rts2800_ml.lib</file>
         <name>fs_mpy28.obj</name>
      </input_file>
      <input_file id="fl-2e">
         <path>C:\software\ccs7.0\ccsv7\tools\compiler\ti-cgt-c2000_16.9.1.LTS\lib\</path>
         <kind>archive</kind>
         <file>rts2800_ml.lib</file>
         <name>fs_tol28.obj</name>
      </input_file>
      <input_file id="fl-2f">
         <path>C:\software\ccs7.0\ccsv7\tools\compiler\ti-cgt-c2000_16.9.1.LTS\lib\</path>
         <kind>archive</kind>
         <file>rts2800_ml.lib</file>
         <name>memcpy.obj</name>
      </input_file>
      <input_file id="fl-30">
         <path>C:\software\ccs7.0\ccsv7\tools\compiler\ti-cgt-c2000_16.9.1.LTS\lib\</path>
         <kind>archive</kind>
         <file>rts2800_ml.lib</file>
         <name>pre_init.obj</name>
      </input_file>
      <input_file id="fl-31">
         <path>C:\software\ccs7.0\ccsv7\tools\compiler\ti-cgt-c2000_16.9.1.LTS\lib\</path>
         <kind>archive</kind>
         <file>rts2800_ml.lib</file>
         <name>startup.obj</name>
      </input_file>
      <input_file id="fl-32">
         <path>C:\software\ccs7.0\ccsv7\tools\compiler\ti-cgt-c2000_16.9.1.LTS\lib\</path>
         <kind>archive</kind>
         <file>rts2800_ml.lib</file>
         <name>u_div28.obj</name>
      </input_file>
      <input_file id="fl-33">
         <path>C:\software\ccs7.0\ccsv7\tools\compiler\ti-cgt-c2000_16.9.1.LTS\lib\</path>
         <kind>archive</kind>
         <file>rts2800_ml.lib</file>
         <name>_lock.obj</name>
      </input_file>
      <input_file id="fl-34">
         <path>C:\software\ccs7.0\ccsv7\tools\compiler\ti-cgt-c2000_16.9.1.LTS\lib\</path>
         <kind>archive</kind>
         <file>rts2800_ml.lib</file>
         <name>args_main.obj</name>
      </input_file>
   </input_file_list>
   <object_component_list>
      <object_component id="oc-8e">
         <name>PieVectTableFile</name>
         <uninitialized>true</uninitialized>
         <run_address>0xd00</run_address>
         <size>0x100</size>
         <input_file_ref idref="fl-9"/>
      </object_component>
      <object_component id="oc-75">
         <name>EmuKeyVar</name>
         <uninitialized>true</uninitialized>
         <run_address>0xd00</run_address>
         <size>0x1</size>
         <input_file_ref idref="fl-9"/>
      </object_component>
      <object_component id="oc-74">
         <name>EmuBModeVar</name>
         <uninitialized>true</uninitialized>
         <run_address>0xd01</run_address>
         <size>0x1</size>
         <input_file_ref idref="fl-9"/>
      </object_component>
      <object_component id="oc-76">
         <name>FlashCallbackVar</name>
         <uninitialized>true</uninitialized>
         <run_address>0xd02</run_address>
         <size>0x2</size>
         <input_file_ref idref="fl-9"/>
      </object_component>
      <object_component id="oc-77">
         <name>FlashScalingVar</name>
         <uninitialized>true</uninitialized>
         <run_address>0xd04</run_address>
         <size>0x2</size>
         <input_file_ref idref="fl-9"/>
      </object_component>
      <object_component id="oc-78">
         <name>SysPwrCtrlRegsFile</name>
         <uninitialized>true</uninitialized>
         <run_address>0x985</run_address>
         <size>0x3</size>
         <input_file_ref idref="fl-9"/>
      </object_component>
      <object_component id="oc-79">
         <name>FlashRegsFile</name>
         <uninitialized>true</uninitialized>
         <run_address>0xa80</run_address>
         <size>0x8</size>
         <input_file_ref idref="fl-9"/>
      </object_component>
      <object_component id="oc-81">
         <name>CsmRegsFile</name>
         <uninitialized>true</uninitialized>
         <run_address>0xae0</run_address>
         <size>0x10</size>
         <input_file_ref idref="fl-9"/>
      </object_component>
      <object_component id="oc-86">
         <name>AdcResultFile</name>
         <uninitialized>true</uninitialized>
         <run_address>0xb00</run_address>
         <size>0x20</size>
         <input_file_ref idref="fl-9"/>
      </object_component>
      <object_component id="oc-7b">
         <name>CpuTimer0RegsFile</name>
         <uninitialized>true</uninitialized>
         <run_address>0xc00</run_address>
         <size>0x8</size>
         <input_file_ref idref="fl-9"/>
      </object_component>
      <object_component id="oc-7a">
         <name>CpuTimer1RegsFile</name>
         <uninitialized>true</uninitialized>
         <run_address>0xc08</run_address>
         <size>0x8</size>
         <input_file_ref idref="fl-9"/>
      </object_component>
      <object_component id="oc-7d">
         <name>CpuTimer2RegsFile</name>
         <uninitialized>true</uninitialized>
         <run_address>0xc10</run_address>
         <size>0x8</size>
         <input_file_ref idref="fl-9"/>
      </object_component>
      <object_component id="oc-83">
         <name>PieCtrlRegsFile</name>
         <uninitialized>true</uninitialized>
         <run_address>0xce0</run_address>
         <size>0x1a</size>
         <input_file_ref idref="fl-9"/>
      </object_component>
      <object_component id="oc-8b">
         <name>Cla1RegsFile</name>
         <uninitialized>true</uninitialized>
         <run_address>0x1400</run_address>
         <size>0x40</size>
         <input_file_ref idref="fl-9"/>
      </object_component>
      <object_component id="oc-87">
         <name>ECanaRegsFile</name>
         <uninitialized>true</uninitialized>
         <run_address>0x6000</run_address>
         <size>0x34</size>
         <input_file_ref idref="fl-9"/>
      </object_component>
      <object_component id="oc-89">
         <name>ECanaLAMRegsFile</name>
         <uninitialized>true</uninitialized>
         <run_address>0x6040</run_address>
         <size>0x40</size>
         <input_file_ref idref="fl-9"/>
      </object_component>
      <object_component id="oc-8f">
         <name>ECanaMboxesFile</name>
         <uninitialized>true</uninitialized>
         <run_address>0x6100</run_address>
         <size>0x100</size>
         <input_file_ref idref="fl-9"/>
      </object_component>
      <object_component id="oc-88">
         <name>ECanaMOTSRegsFile</name>
         <uninitialized>true</uninitialized>
         <run_address>0x6080</run_address>
         <size>0x40</size>
         <input_file_ref idref="fl-9"/>
      </object_component>
      <object_component id="oc-8c">
         <name>ECanaMOTORegsFile</name>
         <uninitialized>true</uninitialized>
         <run_address>0x60c0</run_address>
         <size>0x40</size>
         <input_file_ref idref="fl-9"/>
      </object_component>
      <object_component id="oc-8a">
         <name>GpioCtrlRegsFile</name>
         <uninitialized>true</uninitialized>
         <run_address>0x6f80</run_address>
         <size>0x40</size>
         <input_file_ref idref="fl-9"/>
      </object_component>
      <object_component id="oc-85">
         <name>GpioDataRegsFile</name>
         <uninitialized>true</uninitialized>
         <run_address>0x6fc0</run_address>
         <size>0x20</size>
         <input_file_ref idref="fl-9"/>
      </object_component>
      <object_component id="oc-7e">
         <name>GpioIntRegsFile</name>
         <uninitialized>true</uninitialized>
         <run_address>0x6fe0</run_address>
         <size>0xc</size>
         <input_file_ref idref="fl-9"/>
      </object_component>
      <object_component id="oc-84">
         <name>SysCtrlRegsFile</name>
         <uninitialized>true</uninitialized>
         <run_address>0x7010</run_address>
         <size>0x20</size>
         <input_file_ref idref="fl-9"/>
      </object_component>
      <object_component id="oc-7f">
         <name>SpiaRegsFile</name>
         <uninitialized>true</uninitialized>
         <run_address>0x7040</run_address>
         <size>0x10</size>
         <input_file_ref idref="fl-9"/>
      </object_component>
      <object_component id="oc-82">
         <name>SpibRegsFile</name>
         <uninitialized>true</uninitialized>
         <run_address>0x7740</run_address>
         <size>0x10</size>
         <input_file_ref idref="fl-9"/>
      </object_component>
      <object_component id="oc-80">
         <name>SciaRegsFile</name>
         <uninitialized>true</uninitialized>
         <run_address>0x7050</run_address>
         <size>0x10</size>
         <input_file_ref idref="fl-9"/>
      </object_component>
      <object_component id="oc-8d">
         <name>AdcRegsFile</name>
         <uninitialized>true</uninitialized>
         <run_address>0x7100</run_address>
         <size>0x50</size>
         <input_file_ref idref="fl-9"/>
      </object_component>
      <object_component id="oc-7c">
         <name>CsmPwlFile</name>
         <uninitialized>true</uninitialized>
         <run_address>0x3f7ff8</run_address>
         <size>0x8</size>
         <input_file_ref idref="fl-9"/>
      </object_component>
      <object_component id="oc-ac">
         <name>.cinit</name>
         <load_address>0x3f6f9a</load_address>
         <run_address>0x3f6f9a</run_address>
         <size>0x1f</size>
         <input_file_ref idref="fl-f"/>
      </object_component>
      <object_component id="oc-de">
         <name>.cinit</name>
         <load_address>0x3f6fb9</load_address>
         <run_address>0x3f6fb9</run_address>
         <size>0xe</size>
         <input_file_ref idref="fl-2c"/>
      </object_component>
      <object_component id="oc-58">
         <name>.cinit</name>
         <load_address>0x3f6fc7</load_address>
         <run_address>0x3f6fc7</run_address>
         <size>0xa</size>
         <input_file_ref idref="fl-4"/>
      </object_component>
      <object_component id="oc-116">
         <name>.cinit:__lock</name>
         <load_address>0x3f6fd1</load_address>
         <run_address>0x3f6fd1</run_address>
         <size>0x5</size>
         <input_file_ref idref="fl-33"/>
      </object_component>
      <object_component id="oc-11d">
         <name>.cinit:__unlock</name>
         <load_address>0x3f6fd6</load_address>
         <run_address>0x3f6fd6</run_address>
         <size>0x5</size>
         <input_file_ref idref="fl-33"/>
      </object_component>
      <object_component id="oc-5f">
         <name>.cinit</name>
         <load_address>0x3f6fdb</load_address>
         <run_address>0x3f6fdb</run_address>
         <size>0x4</size>
         <input_file_ref idref="fl-5"/>
      </object_component>
      <object_component id="oc-112">
         <name>.text</name>
         <load_address>0x3f6000</load_address>
         <run_address>0x3f6000</run_address>
         <size>0x372</size>
         <input_file_ref idref="fl-f"/>
      </object_component>
      <object_component id="oc-117">
         <name>.text</name>
         <load_address>0x3f6372</load_address>
         <run_address>0x3f6372</run_address>
         <size>0x35d</size>
         <input_file_ref idref="fl-3"/>
      </object_component>
      <object_component id="oc-111">
         <name>.text</name>
         <load_address>0x3f66cf</load_address>
         <run_address>0x3f66cf</run_address>
         <size>0x22e</size>
         <input_file_ref idref="fl-5"/>
      </object_component>
      <object_component id="oc-122">
         <name>.text</name>
         <load_address>0x3f68fd</load_address>
         <run_address>0x3f68fd</run_address>
         <size>0x140</size>
         <input_file_ref idref="fl-c"/>
      </object_component>
      <object_component id="oc-11b">
         <name>.text</name>
         <load_address>0x3f6a3d</load_address>
         <run_address>0x3f6a3d</run_address>
         <size>0x119</size>
         <input_file_ref idref="fl-e"/>
      </object_component>
      <object_component id="oc-119">
         <name>.text</name>
         <load_address>0x3f6b56</load_address>
         <run_address>0x3f6b56</run_address>
         <size>0xb9</size>
         <input_file_ref idref="fl-11"/>
      </object_component>
      <object_component id="oc-11e">
         <name>.text</name>
         <load_address>0x3f6c0f</load_address>
         <run_address>0x3f6c0f</run_address>
         <size>0x9a</size>
         <input_file_ref idref="fl-13"/>
      </object_component>
      <object_component id="oc-124">
         <name>.text</name>
         <load_address>0x3f6ca9</load_address>
         <run_address>0x3f6ca9</run_address>
         <size>0x72</size>
         <input_file_ref idref="fl-8"/>
      </object_component>
      <object_component id="oc-118">
         <name>.text</name>
         <load_address>0x3f6d1b</load_address>
         <run_address>0x3f6d1b</run_address>
         <size>0x68</size>
         <input_file_ref idref="fl-4"/>
      </object_component>
      <object_component id="oc-e4">
         <name>.text</name>
         <load_address>0x3f6d83</load_address>
         <run_address>0x3f6d83</run_address>
         <size>0x5a</size>
         <input_file_ref idref="fl-2d"/>
      </object_component>
      <object_component id="oc-47">
         <name>.text</name>
         <load_address>0x3f6ddd</load_address>
         <run_address>0x3f6ddd</run_address>
         <size>0x54</size>
         <input_file_ref idref="fl-2a"/>
      </object_component>
      <object_component id="oc-114">
         <name>.text</name>
         <load_address>0x3f6e31</load_address>
         <run_address>0x3f6e31</run_address>
         <size>0x43</size>
         <input_file_ref idref="fl-2"/>
      </object_component>
      <object_component id="oc-a6">
         <name>.text:retain</name>
         <load_address>0x3f6e74</load_address>
         <run_address>0x3f6e74</run_address>
         <size>0x2f</size>
         <input_file_ref idref="fl-e"/>
      </object_component>
      <object_component id="oc-110">
         <name>.text</name>
         <load_address>0x3f6ea3</load_address>
         <run_address>0x3f6ea3</run_address>
         <size>0x29</size>
         <input_file_ref idref="fl-2c"/>
      </object_component>
      <object_component id="oc-e9">
         <name>.text</name>
         <load_address>0x3f6ecc</load_address>
         <run_address>0x3f6ecc</run_address>
         <size>0x29</size>
         <input_file_ref idref="fl-2e"/>
      </object_component>
      <object_component id="oc-123">
         <name>.text</name>
         <load_address>0x3f6ef5</load_address>
         <run_address>0x3f6ef5</run_address>
         <size>0x28</size>
         <input_file_ref idref="fl-a"/>
      </object_component>
      <object_component id="oc-10d">
         <name>.text</name>
         <load_address>0x3f6f1d</load_address>
         <run_address>0x3f6f1d</run_address>
         <size>0x24</size>
         <input_file_ref idref="fl-2b"/>
      </object_component>
      <object_component id="oc-113">
         <name>.text</name>
         <load_address>0x3f6f41</load_address>
         <run_address>0x3f6f41</run_address>
         <size>0x1d</size>
         <input_file_ref idref="fl-2f"/>
      </object_component>
      <object_component id="oc-10f">
         <name>.text</name>
         <load_address>0x3f6f5e</load_address>
         <run_address>0x3f6f5e</run_address>
         <size>0x19</size>
         <input_file_ref idref="fl-34"/>
      </object_component>
      <object_component id="oc-fd">
         <name>.text</name>
         <load_address>0x3f6f77</load_address>
         <run_address>0x3f6f77</run_address>
         <size>0xb</size>
         <input_file_ref idref="fl-32"/>
      </object_component>
      <object_component id="oc-11c">
         <name>.text</name>
         <load_address>0x3f6f82</load_address>
         <run_address>0x3f6f82</run_address>
         <size>0x9</size>
         <input_file_ref idref="fl-33"/>
      </object_component>
      <object_component id="oc-67">
         <name>.text</name>
         <load_address>0x3f6f8b</load_address>
         <run_address>0x3f6f8b</run_address>
         <size>0x8</size>
         <input_file_ref idref="fl-7"/>
      </object_component>
      <object_component id="oc-120">
         <name>.text</name>
         <load_address>0x3f6f93</load_address>
         <run_address>0x3f6f93</run_address>
         <size>0x4</size>
         <input_file_ref idref="fl-10"/>
      </object_component>
      <object_component id="oc-10c">
         <name>.text</name>
         <load_address>0x3f6f97</load_address>
         <run_address>0x3f6f97</run_address>
         <size>0x2</size>
         <input_file_ref idref="fl-30"/>
      </object_component>
      <object_component id="oc-10e">
         <name>.text</name>
         <load_address>0x3f6f99</load_address>
         <run_address>0x3f6f99</run_address>
         <size>0x1</size>
         <input_file_ref idref="fl-31"/>
      </object_component>
      <object_component id="oc-68">
         <name>codestart</name>
         <load_address>0x3f7ff6</load_address>
         <run_address>0x3f7ff6</run_address>
         <size>0x2</size>
         <input_file_ref idref="fl-7"/>
      </object_component>
      <object_component id="oc-121">
         <name>ramfuncs</name>
         <load_address>0x3f7015</load_address>
         <run_address>0x8000</run_address>
         <size>0x7</size>
         <input_file_ref idref="fl-e"/>
      </object_component>
      <object_component id="oc-a0">
         <name>ramfuncs</name>
         <load_address>0x3f701c</load_address>
         <run_address>0x8007</run_address>
         <size>0x4</size>
         <input_file_ref idref="fl-d"/>
      </object_component>
      <object_component id="oc-65">
         <name>csmpasswds</name>
         <load_address>0x3f7ff8</load_address>
         <run_address>0x3f7ff8</run_address>
         <size>0x8</size>
         <input_file_ref idref="fl-6"/>
      </object_component>
      <object_component id="oc-66">
         <name>csm_rsvd</name>
         <load_address>0x3f7f80</load_address>
         <run_address>0x3f7f80</run_address>
         <size>0x76</size>
         <input_file_ref idref="fl-6"/>
      </object_component>
      <object_component id="oc-af">
         <name>GlobalData</name>
         <uninitialized>true</uninitialized>
         <run_address>0x400</run_address>
         <size>0x2</size>
         <input_file_ref idref="fl-f"/>
      </object_component>
      <object_component id="oc-ae">
         <name>GlobalData1</name>
         <uninitialized>true</uninitialized>
         <run_address>0x600</run_address>
         <size>0x2</size>
         <input_file_ref idref="fl-f"/>
      </object_component>
      <object_component id="oc-d2">
         <name>.stack</name>
         <uninitialized>true</uninitialized>
         <run_address>0x50</run_address>
         <size>0x0</size>
         <input_file_ref idref="fl-2a"/>
      </object_component>
      <object_component id="oc-175">
         <name>.stack</name>
         <uninitialized>true</uninitialized>
         <run_address>0x50</run_address>
         <size>0x0</size>
      </object_component>
      <object_component id="oc-52">
         <name>.ebss</name>
         <uninitialized>true</uninitialized>
         <run_address>0x9840</run_address>
         <size>0x83</size>
         <input_file_ref idref="fl-3"/>
      </object_component>
      <object_component id="oc-59">
         <name>.ebss</name>
         <uninitialized>true</uninitialized>
         <run_address>0x96c0</run_address>
         <size>0x16c</size>
         <input_file_ref idref="fl-4"/>
      </object_component>
      <object_component id="oc-60">
         <name>.ebss</name>
         <uninitialized>true</uninitialized>
         <run_address>0x947a</run_address>
         <size>0x1</size>
         <input_file_ref idref="fl-5"/>
      </object_component>
      <object_component id="oc-6e">
         <name>.ebss</name>
         <uninitialized>true</uninitialized>
         <run_address>0x98c4</run_address>
         <size>0x18</size>
         <input_file_ref idref="fl-8"/>
      </object_component>
      <object_component id="oc-ad">
         <name>.ebss</name>
         <uninitialized>true</uninitialized>
         <run_address>0x9480</run_address>
         <size>0x240</size>
         <input_file_ref idref="fl-f"/>
      </object_component>
      <object_component id="oc-ba">
         <name>.ebss</name>
         <uninitialized>true</uninitialized>
         <run_address>0x8800</run_address>
         <size>0xc70</size>
         <input_file_ref idref="fl-11"/>
      </object_component>
      <object_component id="oc-df">
         <name>.ebss</name>
         <uninitialized>true</uninitialized>
         <run_address>0x9470</run_address>
         <size>0x6</size>
         <input_file_ref idref="fl-2c"/>
      </object_component>
      <object_component id="oc-125">
         <name>.ebss:__unlock</name>
         <uninitialized>true</uninitialized>
         <run_address>0x9478</run_address>
         <size>0x2</size>
         <input_file_ref idref="fl-33"/>
      </object_component>
      <object_component id="oc-115">
         <name>.ebss:__lock</name>
         <uninitialized>true</uninitialized>
         <run_address>0x9476</run_address>
         <size>0x2</size>
         <input_file_ref idref="fl-33"/>
      </object_component>
      <object_component id="oc-4c">
         <name>.econst:.string</name>
         <load_address>0x3f6fe2</load_address>
         <run_address>0x3f6fe2</run_address>
         <size>0x1f</size>
         <input_file_ref idref="fl-2"/>
      </object_component>
      <object_component id="oc-11f">
         <name>.econst:.string:_l_this_file</name>
         <load_address>0x3f7001</load_address>
         <run_address>0x3f7001</run_address>
         <size>0xa</size>
         <input_file_ref idref="fl-3"/>
      </object_component>
      <object_component id="oc-126">
         <name>.econst:.string:_l_this_file</name>
         <load_address>0x3f700b</load_address>
         <run_address>0x3f700b</run_address>
         <size>0x8</size>
         <input_file_ref idref="fl-13"/>
      </object_component>
      <object_component id="oc-11a">
         <name>.econst:_$P$T0$1</name>
         <load_address>0x3f7013</load_address>
         <run_address>0x3f7013</run_address>
         <size>0x2</size>
         <input_file_ref idref="fl-f"/>
      </object_component>
      <object_component id="oc-d3">
         <name>.reset</name>
         <load_address>0x3fffc0</load_address>
         <run_address>0x3fffc0</run_address>
         <size>0x2</size>
         <input_file_ref idref="fl-2a"/>
      </object_component>
      <object_component id="oc-4b">
         <name>.debug_info</name>
         <load_address>0x0</load_address>
         <run_address>0x0</run_address>
         <size>0x6cd</size>
         <input_file_ref idref="fl-2"/>
      </object_component>
      <object_component id="oc-51">
         <name>.debug_info</name>
         <load_address>0x6cd</load_address>
         <run_address>0x6cd</run_address>
         <size>0x1f3f</size>
         <input_file_ref idref="fl-3"/>
      </object_component>
      <object_component id="oc-57">
         <name>.debug_info</name>
         <load_address>0x260c</load_address>
         <run_address>0x260c</run_address>
         <size>0x958</size>
         <input_file_ref idref="fl-4"/>
      </object_component>
      <object_component id="oc-5e">
         <name>.debug_info</name>
         <load_address>0x2f64</load_address>
         <run_address>0x2f64</run_address>
         <size>0x6661</size>
         <input_file_ref idref="fl-5"/>
      </object_component>
      <object_component id="oc-69">
         <name>.debug_info</name>
         <load_address>0x95c5</load_address>
         <run_address>0x95c5</run_address>
         <size>0x13c</size>
         <input_file_ref idref="fl-7"/>
      </object_component>
      <object_component id="oc-6d">
         <name>.debug_info</name>
         <load_address>0x9701</load_address>
         <run_address>0x9701</run_address>
         <size>0x91c</size>
         <input_file_ref idref="fl-8"/>
      </object_component>
      <object_component id="oc-73">
         <name>.debug_info</name>
         <load_address>0xa01d</load_address>
         <run_address>0xa01d</run_address>
         <size>0xceb5</size>
         <input_file_ref idref="fl-9"/>
      </object_component>
      <object_component id="oc-91">
         <name>.debug_info</name>
         <load_address>0x16ed2</load_address>
         <run_address>0x16ed2</run_address>
         <size>0xac0</size>
         <input_file_ref idref="fl-a"/>
      </object_component>
      <object_component id="oc-96">
         <name>.debug_info</name>
         <load_address>0x17992</load_address>
         <run_address>0x17992</run_address>
         <size>0x1f2a</size>
         <input_file_ref idref="fl-b"/>
      </object_component>
      <object_component id="oc-9b">
         <name>.debug_info</name>
         <load_address>0x198bc</load_address>
         <run_address>0x198bc</run_address>
         <size>0x3231</size>
         <input_file_ref idref="fl-c"/>
      </object_component>
      <object_component id="oc-a1">
         <name>.debug_info</name>
         <load_address>0x1caed</load_address>
         <run_address>0x1caed</run_address>
         <size>0xfd</size>
         <input_file_ref idref="fl-d"/>
      </object_component>
      <object_component id="oc-a5">
         <name>.debug_info</name>
         <load_address>0x1cbea</load_address>
         <run_address>0x1cbea</run_address>
         <size>0x3b53</size>
         <input_file_ref idref="fl-e"/>
      </object_component>
      <object_component id="oc-ab">
         <name>.debug_info</name>
         <load_address>0x2073d</load_address>
         <run_address>0x2073d</run_address>
         <size>0x167c</size>
         <input_file_ref idref="fl-f"/>
      </object_component>
      <object_component id="oc-b4">
         <name>.debug_info</name>
         <load_address>0x21db9</load_address>
         <run_address>0x21db9</run_address>
         <size>0x360</size>
         <input_file_ref idref="fl-10"/>
      </object_component>
      <object_component id="oc-b9">
         <name>.debug_info</name>
         <load_address>0x22119</load_address>
         <run_address>0x22119</run_address>
         <size>0x880</size>
         <input_file_ref idref="fl-11"/>
      </object_component>
      <object_component id="oc-bf">
         <name>.debug_info</name>
         <load_address>0x22999</load_address>
         <run_address>0x22999</run_address>
         <size>0x2de</size>
         <input_file_ref idref="fl-12"/>
      </object_component>
      <object_component id="oc-c4">
         <name>.debug_info</name>
         <load_address>0x22c77</load_address>
         <run_address>0x22c77</run_address>
         <size>0x6cb</size>
         <input_file_ref idref="fl-13"/>
      </object_component>
      <object_component id="oc-ca">
         <name>.debug_info</name>
         <load_address>0x23342</load_address>
         <run_address>0x23342</run_address>
         <size>0xab</size>
         <input_file_ref idref="fl-1a"/>
      </object_component>
      <object_component id="oc-cd">
         <name>.debug_info</name>
         <load_address>0x233ed</load_address>
         <run_address>0x233ed</run_address>
         <size>0xad</size>
         <input_file_ref idref="fl-1b"/>
      </object_component>
      <object_component id="oc-d0">
         <name>.debug_info</name>
         <load_address>0x2349a</load_address>
         <run_address>0x2349a</run_address>
         <size>0xac</size>
         <input_file_ref idref="fl-1c"/>
      </object_component>
      <object_component id="oc-d4">
         <name>.debug_info</name>
         <load_address>0x23546</load_address>
         <run_address>0x23546</run_address>
         <size>0x16b</size>
         <input_file_ref idref="fl-2a"/>
      </object_component>
      <object_component id="oc-d8">
         <name>.debug_info</name>
         <load_address>0x236b1</load_address>
         <run_address>0x236b1</run_address>
         <size>0x50f</size>
         <input_file_ref idref="fl-2b"/>
      </object_component>
      <object_component id="oc-dd">
         <name>.debug_info</name>
         <load_address>0x23bc0</load_address>
         <run_address>0x23bc0</run_address>
         <size>0x4f9</size>
         <input_file_ref idref="fl-2c"/>
      </object_component>
      <object_component id="oc-e5">
         <name>.debug_info</name>
         <load_address>0x240b9</load_address>
         <run_address>0x240b9</run_address>
         <size>0x10c</size>
         <input_file_ref idref="fl-2d"/>
      </object_component>
      <object_component id="oc-ea">
         <name>.debug_info</name>
         <load_address>0x241c5</load_address>
         <run_address>0x241c5</run_address>
         <size>0x118</size>
         <input_file_ref idref="fl-2e"/>
      </object_component>
      <object_component id="oc-ee">
         <name>.debug_info</name>
         <load_address>0x242dd</load_address>
         <run_address>0x242dd</run_address>
         <size>0x3bd</size>
         <input_file_ref idref="fl-2f"/>
      </object_component>
      <object_component id="oc-f3">
         <name>.debug_info</name>
         <load_address>0x2469a</load_address>
         <run_address>0x2469a</run_address>
         <size>0x330</size>
         <input_file_ref idref="fl-30"/>
      </object_component>
      <object_component id="oc-f8">
         <name>.debug_info</name>
         <load_address>0x249ca</load_address>
         <run_address>0x249ca</run_address>
         <size>0x32d</size>
         <input_file_ref idref="fl-31"/>
      </object_component>
      <object_component id="oc-fe">
         <name>.debug_info</name>
         <load_address>0x24cf7</load_address>
         <run_address>0x24cf7</run_address>
         <size>0x139</size>
         <input_file_ref idref="fl-32"/>
      </object_component>
      <object_component id="oc-102">
         <name>.debug_info</name>
         <load_address>0x24e30</load_address>
         <run_address>0x24e30</run_address>
         <size>0x44f</size>
         <input_file_ref idref="fl-33"/>
      </object_component>
      <object_component id="oc-107">
         <name>.debug_info</name>
         <load_address>0x2527f</load_address>
         <run_address>0x2527f</run_address>
         <size>0x41c</size>
         <input_file_ref idref="fl-34"/>
      </object_component>
      <object_component id="oc-176">
         <name>.debug_info</name>
         <load_address>0x2569b</load_address>
         <run_address>0x2569b</run_address>
         <size>0xa6</size>
      </object_component>
      <object_component id="oc-4d">
         <name>.debug_frame</name>
         <load_address>0x0</load_address>
         <run_address>0x0</run_address>
         <size>0x37</size>
         <input_file_ref idref="fl-2"/>
      </object_component>
      <object_component id="oc-53">
         <name>.debug_frame</name>
         <load_address>0x37</load_address>
         <run_address>0x37</run_address>
         <size>0x21c</size>
         <input_file_ref idref="fl-3"/>
      </object_component>
      <object_component id="oc-5a">
         <name>.debug_frame</name>
         <load_address>0x253</load_address>
         <run_address>0x253</run_address>
         <size>0x8a</size>
         <input_file_ref idref="fl-4"/>
      </object_component>
      <object_component id="oc-61">
         <name>.debug_frame</name>
         <load_address>0x2dd</load_address>
         <run_address>0x2dd</run_address>
         <size>0x101</size>
         <input_file_ref idref="fl-5"/>
      </object_component>
      <object_component id="oc-6f">
         <name>.debug_frame</name>
         <load_address>0x3de</load_address>
         <run_address>0x3de</run_address>
         <size>0x4f</size>
         <input_file_ref idref="fl-8"/>
      </object_component>
      <object_component id="oc-92">
         <name>.debug_frame</name>
         <load_address>0x42d</load_address>
         <run_address>0x42d</run_address>
         <size>0x48</size>
         <input_file_ref idref="fl-a"/>
      </object_component>
      <object_component id="oc-97">
         <name>.debug_frame</name>
         <load_address>0x475</load_address>
         <run_address>0x475</run_address>
         <size>0x1e</size>
         <input_file_ref idref="fl-b"/>
      </object_component>
      <object_component id="oc-9c">
         <name>.debug_frame</name>
         <load_address>0x493</load_address>
         <run_address>0x493</run_address>
         <size>0xfe</size>
         <input_file_ref idref="fl-c"/>
      </object_component>
      <object_component id="oc-a7">
         <name>.debug_frame</name>
         <load_address>0x591</load_address>
         <run_address>0x591</run_address>
         <size>0x159</size>
         <input_file_ref idref="fl-e"/>
      </object_component>
      <object_component id="oc-b0">
         <name>.debug_frame</name>
         <load_address>0x6ea</load_address>
         <run_address>0x6ea</run_address>
         <size>0x1eb</size>
         <input_file_ref idref="fl-f"/>
      </object_component>
      <object_component id="oc-b5">
         <name>.debug_frame</name>
         <load_address>0x8d5</load_address>
         <run_address>0x8d5</run_address>
         <size>0x36</size>
         <input_file_ref idref="fl-10"/>
      </object_component>
      <object_component id="oc-bb">
         <name>.debug_frame</name>
         <load_address>0x90b</load_address>
         <run_address>0x90b</run_address>
         <size>0xa6</size>
         <input_file_ref idref="fl-11"/>
      </object_component>
      <object_component id="oc-c0">
         <name>.debug_frame</name>
         <load_address>0x9b1</load_address>
         <run_address>0x9b1</run_address>
         <size>0x1e</size>
         <input_file_ref idref="fl-12"/>
      </object_component>
      <object_component id="oc-c5">
         <name>.debug_frame</name>
         <load_address>0x9cf</load_address>
         <run_address>0x9cf</run_address>
         <size>0x70</size>
         <input_file_ref idref="fl-13"/>
      </object_component>
      <object_component id="oc-d9">
         <name>.debug_frame</name>
         <load_address>0xa3f</load_address>
         <run_address>0xa3f</run_address>
         <size>0x54</size>
         <input_file_ref idref="fl-2b"/>
      </object_component>
      <object_component id="oc-e0">
         <name>.debug_frame</name>
         <load_address>0xa93</load_address>
         <run_address>0xa93</run_address>
         <size>0x51</size>
         <input_file_ref idref="fl-2c"/>
      </object_component>
      <object_component id="oc-ef">
         <name>.debug_frame</name>
         <load_address>0xae4</load_address>
         <run_address>0xae4</run_address>
         <size>0x33</size>
         <input_file_ref idref="fl-2f"/>
      </object_component>
      <object_component id="oc-f4">
         <name>.debug_frame</name>
         <load_address>0xb17</load_address>
         <run_address>0xb17</run_address>
         <size>0x33</size>
         <input_file_ref idref="fl-30"/>
      </object_component>
      <object_component id="oc-f9">
         <name>.debug_frame</name>
         <load_address>0xb4a</load_address>
         <run_address>0xb4a</run_address>
         <size>0x33</size>
         <input_file_ref idref="fl-31"/>
      </object_component>
      <object_component id="oc-103">
         <name>.debug_frame</name>
         <load_address>0xb7d</load_address>
         <run_address>0xb7d</run_address>
         <size>0x5d</size>
         <input_file_ref idref="fl-33"/>
      </object_component>
      <object_component id="oc-108">
         <name>.debug_frame</name>
         <load_address>0xbda</load_address>
         <run_address>0xbda</run_address>
         <size>0x33</size>
         <input_file_ref idref="fl-34"/>
      </object_component>
      <object_component id="oc-4e">
         <name>.debug_line</name>
         <load_address>0x0</load_address>
         <run_address>0x0</run_address>
         <size>0x64</size>
         <input_file_ref idref="fl-2"/>
      </object_component>
      <object_component id="oc-54">
         <name>.debug_line</name>
         <load_address>0x64</load_address>
         <run_address>0x64</run_address>
         <size>0x39c</size>
         <input_file_ref idref="fl-3"/>
      </object_component>
      <object_component id="oc-5b">
         <name>.debug_line</name>
         <load_address>0x400</load_address>
         <run_address>0x400</run_address>
         <size>0xce</size>
         <input_file_ref idref="fl-4"/>
      </object_component>
      <object_component id="oc-62">
         <name>.debug_line</name>
         <load_address>0x4ce</load_address>
         <run_address>0x4ce</run_address>
         <size>0x206</size>
         <input_file_ref idref="fl-5"/>
      </object_component>
      <object_component id="oc-6a">
         <name>.debug_line</name>
         <load_address>0x6d4</load_address>
         <run_address>0x6d4</run_address>
         <size>0x69</size>
         <input_file_ref idref="fl-7"/>
      </object_component>
      <object_component id="oc-70">
         <name>.debug_line</name>
         <load_address>0x73d</load_address>
         <run_address>0x73d</run_address>
         <size>0x8e</size>
         <input_file_ref idref="fl-8"/>
      </object_component>
      <object_component id="oc-93">
         <name>.debug_line</name>
         <load_address>0x7cb</load_address>
         <run_address>0x7cb</run_address>
         <size>0x8d</size>
         <input_file_ref idref="fl-a"/>
      </object_component>
      <object_component id="oc-98">
         <name>.debug_line</name>
         <load_address>0x858</load_address>
         <run_address>0x858</run_address>
         <size>0x3a</size>
         <input_file_ref idref="fl-b"/>
      </object_component>
      <object_component id="oc-9d">
         <name>.debug_line</name>
         <load_address>0x892</load_address>
         <run_address>0x892</run_address>
         <size>0x1ce</size>
         <input_file_ref idref="fl-c"/>
      </object_component>
      <object_component id="oc-a2">
         <name>.debug_line</name>
         <load_address>0xa60</load_address>
         <run_address>0xa60</run_address>
         <size>0x50</size>
         <input_file_ref idref="fl-d"/>
      </object_component>
      <object_component id="oc-a8">
         <name>.debug_line</name>
         <load_address>0xab0</load_address>
         <run_address>0xab0</run_address>
         <size>0x1af</size>
         <input_file_ref idref="fl-e"/>
      </object_component>
      <object_component id="oc-b1">
         <name>.debug_line</name>
         <load_address>0xc5f</load_address>
         <run_address>0xc5f</run_address>
         <size>0x3a1</size>
         <input_file_ref idref="fl-f"/>
      </object_component>
      <object_component id="oc-b6">
         <name>.debug_line</name>
         <load_address>0x1000</load_address>
         <run_address>0x1000</run_address>
         <size>0x48</size>
         <input_file_ref idref="fl-10"/>
      </object_component>
      <object_component id="oc-bc">
         <name>.debug_line</name>
         <load_address>0x1048</load_address>
         <run_address>0x1048</run_address>
         <size>0x12f</size>
         <input_file_ref idref="fl-11"/>
      </object_component>
      <object_component id="oc-c1">
         <name>.debug_line</name>
         <load_address>0x1177</load_address>
         <run_address>0x1177</run_address>
         <size>0x30</size>
         <input_file_ref idref="fl-12"/>
      </object_component>
      <object_component id="oc-c6">
         <name>.debug_line</name>
         <load_address>0x11a7</load_address>
         <run_address>0x11a7</run_address>
         <size>0xbc</size>
         <input_file_ref idref="fl-13"/>
      </object_component>
      <object_component id="oc-cb">
         <name>.debug_line</name>
         <load_address>0x1263</load_address>
         <run_address>0x1263</run_address>
         <size>0x1a</size>
         <input_file_ref idref="fl-1a"/>
      </object_component>
      <object_component id="oc-ce">
         <name>.debug_line</name>
         <load_address>0x127d</load_address>
         <run_address>0x127d</run_address>
         <size>0x1a</size>
         <input_file_ref idref="fl-1b"/>
      </object_component>
      <object_component id="oc-d1">
         <name>.debug_line</name>
         <load_address>0x1297</load_address>
         <run_address>0x1297</run_address>
         <size>0x1a</size>
         <input_file_ref idref="fl-1c"/>
      </object_component>
      <object_component id="oc-d5">
         <name>.debug_line</name>
         <load_address>0x12b1</load_address>
         <run_address>0x12b1</run_address>
         <size>0x7d</size>
         <input_file_ref idref="fl-2a"/>
      </object_component>
      <object_component id="oc-da">
         <name>.debug_line</name>
         <load_address>0x132e</load_address>
         <run_address>0x132e</run_address>
         <size>0x50</size>
         <input_file_ref idref="fl-2b"/>
      </object_component>
      <object_component id="oc-e1">
         <name>.debug_line</name>
         <load_address>0x137e</load_address>
         <run_address>0x137e</run_address>
         <size>0x65</size>
         <input_file_ref idref="fl-2c"/>
      </object_component>
      <object_component id="oc-e6">
         <name>.debug_line</name>
         <load_address>0x13e3</load_address>
         <run_address>0x13e3</run_address>
         <size>0x8d</size>
         <input_file_ref idref="fl-2d"/>
      </object_component>
      <object_component id="oc-eb">
         <name>.debug_line</name>
         <load_address>0x1470</load_address>
         <run_address>0x1470</run_address>
         <size>0x60</size>
         <input_file_ref idref="fl-2e"/>
      </object_component>
      <object_component id="oc-f0">
         <name>.debug_line</name>
         <load_address>0x14d0</load_address>
         <run_address>0x14d0</run_address>
         <size>0x62</size>
         <input_file_ref idref="fl-2f"/>
      </object_component>
      <object_component id="oc-f5">
         <name>.debug_line</name>
         <load_address>0x1532</load_address>
         <run_address>0x1532</run_address>
         <size>0x3e</size>
         <input_file_ref idref="fl-30"/>
      </object_component>
      <object_component id="oc-fa">
         <name>.debug_line</name>
         <load_address>0x1570</load_address>
         <run_address>0x1570</run_address>
         <size>0x3a</size>
         <input_file_ref idref="fl-31"/>
      </object_component>
      <object_component id="oc-ff">
         <name>.debug_line</name>
         <load_address>0x15aa</load_address>
         <run_address>0x15aa</run_address>
         <size>0x52</size>
         <input_file_ref idref="fl-32"/>
      </object_component>
      <object_component id="oc-104">
         <name>.debug_line</name>
         <load_address>0x15fc</load_address>
         <run_address>0x15fc</run_address>
         <size>0x5e</size>
         <input_file_ref idref="fl-33"/>
      </object_component>
      <object_component id="oc-109">
         <name>.debug_line</name>
         <load_address>0x165a</load_address>
         <run_address>0x165a</run_address>
         <size>0x55</size>
         <input_file_ref idref="fl-34"/>
      </object_component>
      <object_component id="oc-4f">
         <name>.debug_abbrev</name>
         <load_address>0x0</load_address>
         <run_address>0x0</run_address>
         <size>0xe0</size>
         <input_file_ref idref="fl-2"/>
      </object_component>
      <object_component id="oc-55">
         <name>.debug_abbrev</name>
         <load_address>0xe0</load_address>
         <run_address>0xe0</run_address>
         <size>0x228</size>
         <input_file_ref idref="fl-3"/>
      </object_component>
      <object_component id="oc-5c">
         <name>.debug_abbrev</name>
         <load_address>0x308</load_address>
         <run_address>0x308</run_address>
         <size>0x177</size>
         <input_file_ref idref="fl-4"/>
      </object_component>
      <object_component id="oc-63">
         <name>.debug_abbrev</name>
         <load_address>0x47f</load_address>
         <run_address>0x47f</run_address>
         <size>0x219</size>
         <input_file_ref idref="fl-5"/>
      </object_component>
      <object_component id="oc-6b">
         <name>.debug_abbrev</name>
         <load_address>0x698</load_address>
         <run_address>0x698</run_address>
         <size>0x21</size>
         <input_file_ref idref="fl-7"/>
      </object_component>
      <object_component id="oc-71">
         <name>.debug_abbrev</name>
         <load_address>0x6b9</load_address>
         <run_address>0x6b9</run_address>
         <size>0x10b</size>
         <input_file_ref idref="fl-8"/>
      </object_component>
      <object_component id="oc-90">
         <name>.debug_abbrev</name>
         <load_address>0x7c4</load_address>
         <run_address>0x7c4</run_address>
         <size>0xb7</size>
         <input_file_ref idref="fl-9"/>
      </object_component>
      <object_component id="oc-94">
         <name>.debug_abbrev</name>
         <load_address>0x87b</load_address>
         <run_address>0x87b</run_address>
         <size>0xc8</size>
         <input_file_ref idref="fl-a"/>
      </object_component>
      <object_component id="oc-99">
         <name>.debug_abbrev</name>
         <load_address>0x943</load_address>
         <run_address>0x943</run_address>
         <size>0xea</size>
         <input_file_ref idref="fl-b"/>
      </object_component>
      <object_component id="oc-9e">
         <name>.debug_abbrev</name>
         <load_address>0xa2d</load_address>
         <run_address>0xa2d</run_address>
         <size>0x1a3</size>
         <input_file_ref idref="fl-c"/>
      </object_component>
      <object_component id="oc-a3">
         <name>.debug_abbrev</name>
         <load_address>0xbd0</load_address>
         <run_address>0xbd0</run_address>
         <size>0x2f</size>
         <input_file_ref idref="fl-d"/>
      </object_component>
      <object_component id="oc-a9">
         <name>.debug_abbrev</name>
         <load_address>0xbff</load_address>
         <run_address>0xbff</run_address>
         <size>0x1e5</size>
         <input_file_ref idref="fl-e"/>
      </object_component>
      <object_component id="oc-b2">
         <name>.debug_abbrev</name>
         <load_address>0xde4</load_address>
         <run_address>0xde4</run_address>
         <size>0x215</size>
         <input_file_ref idref="fl-f"/>
      </object_component>
      <object_component id="oc-b7">
         <name>.debug_abbrev</name>
         <load_address>0xff9</load_address>
         <run_address>0xff9</run_address>
         <size>0x8c</size>
         <input_file_ref idref="fl-10"/>
      </object_component>
      <object_component id="oc-bd">
         <name>.debug_abbrev</name>
         <load_address>0x1085</load_address>
         <run_address>0x1085</run_address>
         <size>0x132</size>
         <input_file_ref idref="fl-11"/>
      </object_component>
      <object_component id="oc-c2">
         <name>.debug_abbrev</name>
         <load_address>0x11b7</load_address>
         <run_address>0x11b7</run_address>
         <size>0xc9</size>
         <input_file_ref idref="fl-12"/>
      </object_component>
      <object_component id="oc-c7">
         <name>.debug_abbrev</name>
         <load_address>0x1280</load_address>
         <run_address>0x1280</run_address>
         <size>0x120</size>
         <input_file_ref idref="fl-13"/>
      </object_component>
      <object_component id="oc-c9">
         <name>.debug_abbrev</name>
         <load_address>0x13a0</load_address>
         <run_address>0x13a0</run_address>
         <size>0xf</size>
         <input_file_ref idref="fl-1a"/>
      </object_component>
      <object_component id="oc-cc">
         <name>.debug_abbrev</name>
         <load_address>0x13af</load_address>
         <run_address>0x13af</run_address>
         <size>0xf</size>
         <input_file_ref idref="fl-1b"/>
      </object_component>
      <object_component id="oc-cf">
         <name>.debug_abbrev</name>
         <load_address>0x13be</load_address>
         <run_address>0x13be</run_address>
         <size>0xf</size>
         <input_file_ref idref="fl-1c"/>
      </object_component>
      <object_component id="oc-d6">
         <name>.debug_abbrev</name>
         <load_address>0x13cd</load_address>
         <run_address>0x13cd</run_address>
         <size>0x46</size>
         <input_file_ref idref="fl-2a"/>
      </object_component>
      <object_component id="oc-db">
         <name>.debug_abbrev</name>
         <load_address>0x1413</load_address>
         <run_address>0x1413</run_address>
         <size>0xfc</size>
         <input_file_ref idref="fl-2b"/>
      </object_component>
      <object_component id="oc-e2">
         <name>.debug_abbrev</name>
         <load_address>0x150f</load_address>
         <run_address>0x150f</run_address>
         <size>0x142</size>
         <input_file_ref idref="fl-2c"/>
      </object_component>
      <object_component id="oc-e7">
         <name>.debug_abbrev</name>
         <load_address>0x1651</load_address>
         <run_address>0x1651</run_address>
         <size>0x38</size>
         <input_file_ref idref="fl-2d"/>
      </object_component>
      <object_component id="oc-ec">
         <name>.debug_abbrev</name>
         <load_address>0x1689</load_address>
         <run_address>0x1689</run_address>
         <size>0x38</size>
         <input_file_ref idref="fl-2e"/>
      </object_component>
      <object_component id="oc-f1">
         <name>.debug_abbrev</name>
         <load_address>0x16c1</load_address>
         <run_address>0x16c1</run_address>
         <size>0xa8</size>
         <input_file_ref idref="fl-2f"/>
      </object_component>
      <object_component id="oc-f6">
         <name>.debug_abbrev</name>
         <load_address>0x1769</load_address>
         <run_address>0x1769</run_address>
         <size>0x68</size>
         <input_file_ref idref="fl-30"/>
      </object_component>
      <object_component id="oc-fb">
         <name>.debug_abbrev</name>
         <load_address>0x17d1</load_address>
         <run_address>0x17d1</run_address>
         <size>0x66</size>
         <input_file_ref idref="fl-31"/>
      </object_component>
      <object_component id="oc-100">
         <name>.debug_abbrev</name>
         <load_address>0x1837</load_address>
         <run_address>0x1837</run_address>
         <size>0x38</size>
         <input_file_ref idref="fl-32"/>
      </object_component>
      <object_component id="oc-105">
         <name>.debug_abbrev</name>
         <load_address>0x186f</load_address>
         <run_address>0x186f</run_address>
         <size>0xb2</size>
         <input_file_ref idref="fl-33"/>
      </object_component>
      <object_component id="oc-10a">
         <name>.debug_abbrev</name>
         <load_address>0x1921</load_address>
         <run_address>0x1921</run_address>
         <size>0xfe</size>
         <input_file_ref idref="fl-34"/>
      </object_component>
      <object_component id="oc-177">
         <name>.debug_abbrev</name>
         <load_address>0x1a1f</load_address>
         <run_address>0x1a1f</run_address>
         <size>0xf</size>
      </object_component>
      <object_component id="oc-50">
         <name>.debug_aranges</name>
         <load_address>0x0</load_address>
         <run_address>0x0</run_address>
         <size>0x20</size>
         <input_file_ref idref="fl-2"/>
      </object_component>
      <object_component id="oc-56">
         <name>.debug_aranges</name>
         <load_address>0x20</load_address>
         <run_address>0x20</run_address>
         <size>0xb0</size>
         <input_file_ref idref="fl-3"/>
      </object_component>
      <object_component id="oc-5d">
         <name>.debug_aranges</name>
         <load_address>0xd0</load_address>
         <run_address>0xd0</run_address>
         <size>0x38</size>
         <input_file_ref idref="fl-4"/>
      </object_component>
      <object_component id="oc-64">
         <name>.debug_aranges</name>
         <load_address>0x108</load_address>
         <run_address>0x108</run_address>
         <size>0x58</size>
         <input_file_ref idref="fl-5"/>
      </object_component>
      <object_component id="oc-6c">
         <name>.debug_aranges</name>
         <load_address>0x160</load_address>
         <run_address>0x160</run_address>
         <size>0x28</size>
         <input_file_ref idref="fl-7"/>
      </object_component>
      <object_component id="oc-72">
         <name>.debug_aranges</name>
         <load_address>0x188</load_address>
         <run_address>0x188</run_address>
         <size>0x28</size>
         <input_file_ref idref="fl-8"/>
      </object_component>
      <object_component id="oc-95">
         <name>.debug_aranges</name>
         <load_address>0x1b0</load_address>
         <run_address>0x1b0</run_address>
         <size>0x28</size>
         <input_file_ref idref="fl-a"/>
      </object_component>
      <object_component id="oc-9a">
         <name>.debug_aranges</name>
         <load_address>0x1d8</load_address>
         <run_address>0x1d8</run_address>
         <size>0x18</size>
         <input_file_ref idref="fl-b"/>
      </object_component>
      <object_component id="oc-9f">
         <name>.debug_aranges</name>
         <load_address>0x1f0</load_address>
         <run_address>0x1f0</run_address>
         <size>0x68</size>
         <input_file_ref idref="fl-c"/>
      </object_component>
      <object_component id="oc-a4">
         <name>.debug_aranges</name>
         <load_address>0x258</load_address>
         <run_address>0x258</run_address>
         <size>0x20</size>
         <input_file_ref idref="fl-d"/>
      </object_component>
      <object_component id="oc-aa">
         <name>.debug_aranges</name>
         <load_address>0x278</load_address>
         <run_address>0x278</run_address>
         <size>0x68</size>
         <input_file_ref idref="fl-e"/>
      </object_component>
      <object_component id="oc-b3">
         <name>.debug_aranges</name>
         <load_address>0x2e0</load_address>
         <run_address>0x2e0</run_address>
         <size>0xa0</size>
         <input_file_ref idref="fl-f"/>
      </object_component>
      <object_component id="oc-b8">
         <name>.debug_aranges</name>
         <load_address>0x380</load_address>
         <run_address>0x380</run_address>
         <size>0x20</size>
         <input_file_ref idref="fl-10"/>
      </object_component>
      <object_component id="oc-be">
         <name>.debug_aranges</name>
         <load_address>0x3a0</load_address>
         <run_address>0x3a0</run_address>
         <size>0x40</size>
         <input_file_ref idref="fl-11"/>
      </object_component>
      <object_component id="oc-c3">
         <name>.debug_aranges</name>
         <load_address>0x3e0</load_address>
         <run_address>0x3e0</run_address>
         <size>0x18</size>
         <input_file_ref idref="fl-12"/>
      </object_component>
      <object_component id="oc-c8">
         <name>.debug_aranges</name>
         <load_address>0x3f8</load_address>
         <run_address>0x3f8</run_address>
         <size>0x30</size>
         <input_file_ref idref="fl-13"/>
      </object_component>
      <object_component id="oc-d7">
         <name>.debug_aranges</name>
         <load_address>0x428</load_address>
         <run_address>0x428</run_address>
         <size>0x20</size>
         <input_file_ref idref="fl-2a"/>
      </object_component>
      <object_component id="oc-dc">
         <name>.debug_aranges</name>
         <load_address>0x448</load_address>
         <run_address>0x448</run_address>
         <size>0x20</size>
         <input_file_ref idref="fl-2b"/>
      </object_component>
      <object_component id="oc-e3">
         <name>.debug_aranges</name>
         <load_address>0x468</load_address>
         <run_address>0x468</run_address>
         <size>0x28</size>
         <input_file_ref idref="fl-2c"/>
      </object_component>
      <object_component id="oc-e8">
         <name>.debug_aranges</name>
         <load_address>0x490</load_address>
         <run_address>0x490</run_address>
         <size>0x20</size>
         <input_file_ref idref="fl-2d"/>
      </object_component>
      <object_component id="oc-ed">
         <name>.debug_aranges</name>
         <load_address>0x4b0</load_address>
         <run_address>0x4b0</run_address>
         <size>0x20</size>
         <input_file_ref idref="fl-2e"/>
      </object_component>
      <object_component id="oc-f2">
         <name>.debug_aranges</name>
         <load_address>0x4d0</load_address>
         <run_address>0x4d0</run_address>
         <size>0x20</size>
         <input_file_ref idref="fl-2f"/>
      </object_component>
      <object_component id="oc-f7">
         <name>.debug_aranges</name>
         <load_address>0x4f0</load_address>
         <run_address>0x4f0</run_address>
         <size>0x20</size>
         <input_file_ref idref="fl-30"/>
      </object_component>
      <object_component id="oc-fc">
         <name>.debug_aranges</name>
         <load_address>0x510</load_address>
         <run_address>0x510</run_address>
         <size>0x20</size>
         <input_file_ref idref="fl-31"/>
      </object_component>
      <object_component id="oc-101">
         <name>.debug_aranges</name>
         <load_address>0x530</load_address>
         <run_address>0x530</run_address>
         <size>0x28</size>
         <input_file_ref idref="fl-32"/>
      </object_component>
      <object_component id="oc-106">
         <name>.debug_aranges</name>
         <load_address>0x558</load_address>
         <run_address>0x558</run_address>
         <size>0x30</size>
         <input_file_ref idref="fl-33"/>
      </object_component>
      <object_component id="oc-10b">
         <name>.debug_aranges</name>
         <load_address>0x588</load_address>
         <run_address>0x588</run_address>
         <size>0x20</size>
         <input_file_ref idref="fl-34"/>
      </object_component>
   </object_component_list>
   <logical_group_list>
      <logical_group id="lg-3" display="no" color="cyan">
         <name>PieVectTableFile</name>
         <run_address>0xd00</run_address>
         <size>0x100</size>
         <contents>
            <object_component_ref idref="oc-8e"/>
         </contents>
      </logical_group>
      <logical_group id="lg-5" display="no" color="cyan">
         <name>EmuKeyVar</name>
         <run_address>0xd00</run_address>
         <size>0x1</size>
         <contents>
            <object_component_ref idref="oc-75"/>
         </contents>
      </logical_group>
      <logical_group id="lg-6" display="no" color="cyan">
         <name>EmuBModeVar</name>
         <run_address>0xd01</run_address>
         <size>0x1</size>
         <contents>
            <object_component_ref idref="oc-74"/>
         </contents>
      </logical_group>
      <logical_group id="lg-7" display="no" color="cyan">
         <name>FlashCallbackVar</name>
         <run_address>0xd02</run_address>
         <size>0x2</size>
         <contents>
            <object_component_ref idref="oc-76"/>
         </contents>
      </logical_group>
      <logical_group id="lg-8" display="no" color="cyan">
         <name>FlashScalingVar</name>
         <run_address>0xd04</run_address>
         <size>0x2</size>
         <contents>
            <object_component_ref idref="oc-77"/>
         </contents>
      </logical_group>
      <logical_group id="lg-4" display="no" color="cyan">
         <name>GROUP_2</name>
         <run_address>0xd00</run_address>
         <size>0x6</size>
         <contents>
            <logical_group_ref idref="lg-5"/>
            <logical_group_ref idref="lg-6"/>
            <logical_group_ref idref="lg-7"/>
            <logical_group_ref idref="lg-8"/>
         </contents>
      </logical_group>
      <overlay id="lg-2" display="no" color="cyan">
         <name>UNION_1</name>
         <run_address>0xd00</run_address>
         <size>0x100</size>
         <contents>
            <logical_group_ref idref="lg-3"/>
            <logical_group_ref idref="lg-4"/>
         </contents>
      </overlay>
      <logical_group id="lg-9" display="no" color="cyan">
         <name>DevEmuRegsFile</name>
         <run_address>0x0</run_address>
         <size>0x0</size>
         <contents>
         </contents>
      </logical_group>
      <logical_group id="lg-a" display="no" color="cyan">
         <name>SysPwrCtrlRegsFile</name>
         <run_address>0x985</run_address>
         <size>0x3</size>
         <contents>
            <object_component_ref idref="oc-78"/>
         </contents>
      </logical_group>
      <logical_group id="lg-b" display="no" color="cyan">
         <name>FlashRegsFile</name>
         <run_address>0xa80</run_address>
         <size>0x8</size>
         <contents>
            <object_component_ref idref="oc-79"/>
         </contents>
      </logical_group>
      <logical_group id="lg-c" display="no" color="cyan">
         <name>CsmRegsFile</name>
         <run_address>0xae0</run_address>
         <size>0x10</size>
         <contents>
            <object_component_ref idref="oc-81"/>
         </contents>
      </logical_group>
      <logical_group id="lg-d" display="no" color="cyan">
         <name>AdcResultFile</name>
         <run_address>0xb00</run_address>
         <size>0x20</size>
         <contents>
            <object_component_ref idref="oc-86"/>
         </contents>
      </logical_group>
      <logical_group id="lg-e" display="no" color="cyan">
         <name>CpuTimer0RegsFile</name>
         <run_address>0xc00</run_address>
         <size>0x8</size>
         <contents>
            <object_component_ref idref="oc-7b"/>
         </contents>
      </logical_group>
      <logical_group id="lg-f" display="no" color="cyan">
         <name>CpuTimer1RegsFile</name>
         <run_address>0xc08</run_address>
         <size>0x8</size>
         <contents>
            <object_component_ref idref="oc-7a"/>
         </contents>
      </logical_group>
      <logical_group id="lg-10" display="no" color="cyan">
         <name>CpuTimer2RegsFile</name>
         <run_address>0xc10</run_address>
         <size>0x8</size>
         <contents>
            <object_component_ref idref="oc-7d"/>
         </contents>
      </logical_group>
      <logical_group id="lg-11" display="no" color="cyan">
         <name>PieCtrlRegsFile</name>
         <run_address>0xce0</run_address>
         <size>0x1a</size>
         <contents>
            <object_component_ref idref="oc-83"/>
         </contents>
      </logical_group>
      <logical_group id="lg-12" display="no" color="cyan">
         <name>Cla1RegsFile</name>
         <run_address>0x1400</run_address>
         <size>0x40</size>
         <contents>
            <object_component_ref idref="oc-8b"/>
         </contents>
      </logical_group>
      <logical_group id="lg-13" display="no" color="cyan">
         <name>ECanaRegsFile</name>
         <run_address>0x6000</run_address>
         <size>0x34</size>
         <contents>
            <object_component_ref idref="oc-87"/>
         </contents>
      </logical_group>
      <logical_group id="lg-14" display="no" color="cyan">
         <name>ECanaLAMRegsFile</name>
         <run_address>0x6040</run_address>
         <size>0x40</size>
         <contents>
            <object_component_ref idref="oc-89"/>
         </contents>
      </logical_group>
      <logical_group id="lg-15" display="no" color="cyan">
         <name>ECanaMboxesFile</name>
         <run_address>0x6100</run_address>
         <size>0x100</size>
         <contents>
            <object_component_ref idref="oc-8f"/>
         </contents>
      </logical_group>
      <logical_group id="lg-16" display="no" color="cyan">
         <name>ECanaMOTSRegsFile</name>
         <run_address>0x6080</run_address>
         <size>0x40</size>
         <contents>
            <object_component_ref idref="oc-88"/>
         </contents>
      </logical_group>
      <logical_group id="lg-17" display="no" color="cyan">
         <name>ECanaMOTORegsFile</name>
         <run_address>0x60c0</run_address>
         <size>0x40</size>
         <contents>
            <object_component_ref idref="oc-8c"/>
         </contents>
      </logical_group>
      <logical_group id="lg-18" display="no" color="cyan">
         <name>ECap1RegsFile</name>
         <run_address>0x0</run_address>
         <size>0x0</size>
         <contents>
         </contents>
      </logical_group>
      <logical_group id="lg-19" display="no" color="cyan">
         <name>HRCap1RegsFile</name>
         <run_address>0x0</run_address>
         <size>0x0</size>
         <contents>
         </contents>
      </logical_group>
      <logical_group id="lg-1a" display="no" color="cyan">
         <name>HRCap2RegsFile</name>
         <run_address>0x0</run_address>
         <size>0x0</size>
         <contents>
         </contents>
      </logical_group>
      <logical_group id="lg-1b" display="no" color="cyan">
         <name>EQep1RegsFile</name>
         <run_address>0x0</run_address>
         <size>0x0</size>
         <contents>
         </contents>
      </logical_group>
      <logical_group id="lg-1c" display="no" color="cyan">
         <name>LinaRegsFile</name>
         <run_address>0x0</run_address>
         <size>0x0</size>
         <contents>
         </contents>
      </logical_group>
      <logical_group id="lg-1d" display="no" color="cyan">
         <name>GpioCtrlRegsFile</name>
         <run_address>0x6f80</run_address>
         <size>0x40</size>
         <contents>
            <object_component_ref idref="oc-8a"/>
         </contents>
      </logical_group>
      <logical_group id="lg-1e" display="no" color="cyan">
         <name>GpioDataRegsFile</name>
         <run_address>0x6fc0</run_address>
         <size>0x20</size>
         <contents>
            <object_component_ref idref="oc-85"/>
         </contents>
      </logical_group>
      <logical_group id="lg-1f" display="no" color="cyan">
         <name>GpioIntRegsFile</name>
         <run_address>0x6fe0</run_address>
         <size>0xc</size>
         <contents>
            <object_component_ref idref="oc-7e"/>
         </contents>
      </logical_group>
      <logical_group id="lg-20" display="no" color="cyan">
         <name>SysCtrlRegsFile</name>
         <run_address>0x7010</run_address>
         <size>0x20</size>
         <contents>
            <object_component_ref idref="oc-84"/>
         </contents>
      </logical_group>
      <logical_group id="lg-21" display="no" color="cyan">
         <name>SpiaRegsFile</name>
         <run_address>0x7040</run_address>
         <size>0x10</size>
         <contents>
            <object_component_ref idref="oc-7f"/>
         </contents>
      </logical_group>
      <logical_group id="lg-22" display="no" color="cyan">
         <name>SpibRegsFile</name>
         <run_address>0x7740</run_address>
         <size>0x10</size>
         <contents>
            <object_component_ref idref="oc-82"/>
         </contents>
      </logical_group>
      <logical_group id="lg-23" display="no" color="cyan">
         <name>SciaRegsFile</name>
         <run_address>0x7050</run_address>
         <size>0x10</size>
         <contents>
            <object_component_ref idref="oc-80"/>
         </contents>
      </logical_group>
      <logical_group id="lg-24" display="no" color="cyan">
         <name>NmiIntruptRegsFile</name>
         <run_address>0x0</run_address>
         <size>0x0</size>
         <contents>
         </contents>
      </logical_group>
      <logical_group id="lg-25" display="no" color="cyan">
         <name>XIntruptRegsFile</name>
         <run_address>0x0</run_address>
         <size>0x0</size>
         <contents>
         </contents>
      </logical_group>
      <logical_group id="lg-26" display="no" color="cyan">
         <name>AdcRegsFile</name>
         <run_address>0x7100</run_address>
         <size>0x50</size>
         <contents>
            <object_component_ref idref="oc-8d"/>
         </contents>
      </logical_group>
      <logical_group id="lg-27" display="no" color="cyan">
         <name>I2caRegsFile</name>
         <run_address>0x0</run_address>
         <size>0x0</size>
         <contents>
         </contents>
      </logical_group>
      <logical_group id="lg-28" display="no" color="cyan">
         <name>Comp1RegsFile</name>
         <run_address>0x0</run_address>
         <size>0x0</size>
         <contents>
         </contents>
      </logical_group>
      <logical_group id="lg-29" display="no" color="cyan">
         <name>Comp2RegsFile</name>
         <run_address>0x0</run_address>
         <size>0x0</size>
         <contents>
         </contents>
      </logical_group>
      <logical_group id="lg-2a" display="no" color="cyan">
         <name>Comp3RegsFile</name>
         <run_address>0x0</run_address>
         <size>0x0</size>
         <contents>
         </contents>
      </logical_group>
      <logical_group id="lg-2b" display="no" color="cyan">
         <name>EPwm1RegsFile</name>
         <run_address>0x0</run_address>
         <size>0x0</size>
         <contents>
         </contents>
      </logical_group>
      <logical_group id="lg-2c" display="no" color="cyan">
         <name>EPwm2RegsFile</name>
         <run_address>0x0</run_address>
         <size>0x0</size>
         <contents>
         </contents>
      </logical_group>
      <logical_group id="lg-2d" display="no" color="cyan">
         <name>EPwm3RegsFile</name>
         <run_address>0x0</run_address>
         <size>0x0</size>
         <contents>
         </contents>
      </logical_group>
      <logical_group id="lg-2e" display="no" color="cyan">
         <name>EPwm4RegsFile</name>
         <run_address>0x0</run_address>
         <size>0x0</size>
         <contents>
         </contents>
      </logical_group>
      <logical_group id="lg-2f" display="no" color="cyan">
         <name>EPwm5RegsFile</name>
         <run_address>0x0</run_address>
         <size>0x0</size>
         <contents>
         </contents>
      </logical_group>
      <logical_group id="lg-30" display="no" color="cyan">
         <name>EPwm6RegsFile</name>
         <run_address>0x0</run_address>
         <size>0x0</size>
         <contents>
         </contents>
      </logical_group>
      <logical_group id="lg-31" display="no" color="cyan">
         <name>EPwm7RegsFile</name>
         <run_address>0x0</run_address>
         <size>0x0</size>
         <contents>
         </contents>
      </logical_group>
      <logical_group id="lg-32" display="no" color="cyan">
         <name>CsmPwlFile</name>
         <run_address>0x3f7ff8</run_address>
         <size>0x8</size>
         <contents>
            <object_component_ref idref="oc-7c"/>
         </contents>
      </logical_group>
      <logical_group id="lg-33" display="no" color="cyan">
         <name>PartIdRegsFile</name>
         <run_address>0x0</run_address>
         <size>0x0</size>
         <contents>
         </contents>
      </logical_group>
      <logical_group id="lg-34" display="no" color="cyan">
         <name>.cinit</name>
         <load_address>0x3f6f9a</load_address>
         <run_address>0x3f6f9a</run_address>
         <size>0x47</size>
         <contents>
            <object_component_ref idref="oc-ac"/>
            <object_component_ref idref="oc-de"/>
            <object_component_ref idref="oc-58"/>
            <object_component_ref idref="oc-116"/>
            <object_component_ref idref="oc-11d"/>
            <object_component_ref idref="oc-5f"/>
         </contents>
      </logical_group>
      <logical_group id="lg-35" display="no" color="cyan">
         <name>.pinit</name>
         <run_address>0x0</run_address>
         <size>0x0</size>
         <contents>
         </contents>
      </logical_group>
      <logical_group id="lg-36" display="no" color="cyan">
         <name>.text</name>
         <load_address>0x3f6000</load_address>
         <run_address>0x3f6000</run_address>
         <size>0xf9a</size>
         <contents>
            <object_component_ref idref="oc-112"/>
            <object_component_ref idref="oc-117"/>
            <object_component_ref idref="oc-111"/>
            <object_component_ref idref="oc-122"/>
            <object_component_ref idref="oc-11b"/>
            <object_component_ref idref="oc-119"/>
            <object_component_ref idref="oc-11e"/>
            <object_component_ref idref="oc-124"/>
            <object_component_ref idref="oc-118"/>
            <object_component_ref idref="oc-e4"/>
            <object_component_ref idref="oc-47"/>
            <object_component_ref idref="oc-114"/>
            <object_component_ref idref="oc-a6"/>
            <object_component_ref idref="oc-110"/>
            <object_component_ref idref="oc-e9"/>
            <object_component_ref idref="oc-123"/>
            <object_component_ref idref="oc-10d"/>
            <object_component_ref idref="oc-113"/>
            <object_component_ref idref="oc-10f"/>
            <object_component_ref idref="oc-fd"/>
            <object_component_ref idref="oc-11c"/>
            <object_component_ref idref="oc-67"/>
            <object_component_ref idref="oc-120"/>
            <object_component_ref idref="oc-10c"/>
            <object_component_ref idref="oc-10e"/>
         </contents>
      </logical_group>
      <logical_group id="lg-37" display="no" color="cyan">
         <name>codestart</name>
         <load_address>0x3f7ff6</load_address>
         <run_address>0x3f7ff6</run_address>
         <size>0x2</size>
         <contents>
            <object_component_ref idref="oc-68"/>
         </contents>
      </logical_group>
      <logical_group id="lg-38" display="no" color="cyan">
         <name>ramfuncs</name>
         <load_address>0x3f7015</load_address>
         <run_address>0x8000</run_address>
         <size>0xb</size>
         <contents>
            <object_component_ref idref="oc-121"/>
            <object_component_ref idref="oc-a0"/>
         </contents>
      </logical_group>
      <logical_group id="lg-39" display="no" color="cyan">
         <name>csmpasswds</name>
         <load_address>0x3f7ff8</load_address>
         <run_address>0x3f7ff8</run_address>
         <size>0x8</size>
         <contents>
[...]
      </symbol>
      <symbol id="sm-104">
         <name>_canNode</name>
         <value>0x9841</value>
         <object_component_ref idref="oc-52"/>
      </symbol>
      <symbol id="sm-105">
         <name>_receiveMsgLinks</name>
         <value>0x9846</value>
         <object_component_ref idref="oc-52"/>
      </symbol>
      <symbol id="sm-106">
         <name>_Can_getNodeImfor</name>
         <value>0x3f6570</value>
         <object_component_ref idref="oc-117"/>
      </symbol>
      <symbol id="sm-107">
         <name>_Can_push</name>
         <value>0x3f63a0</value>
         <object_component_ref idref="oc-117"/>
      </symbol>
      <symbol id="sm-108">
         <name>_isMBoxEmpty</name>
         <value>0x9840</value>
         <object_component_ref idref="oc-52"/>
      </symbol>
      <symbol id="sm-109">
         <name>_Can_CommandSendToMonitor</name>
         <value>0x3f6532</value>
         <object_component_ref idref="oc-117"/>
      </symbol>
      <symbol id="sm-10a">
         <name>_Can_msgPro</name>
         <value>0x3f65a7</value>
         <object_component_ref idref="oc-117"/>
      </symbol>
      <symbol id="sm-10b">
         <name>_Can_RequestSendToSlave</name>
         <value>0x3f648f</value>
         <object_component_ref idref="oc-117"/>
      </symbol>
      <symbol id="sm-123">
         <name>_canPool</name>
         <value>0x96c4</value>
         <object_component_ref idref="oc-59"/>
      </symbol>
      <symbol id="sm-124">
         <name>_Can_msgInsert</name>
         <value>0x3f6d26</value>
         <object_component_ref idref="oc-118"/>
      </symbol>
      <symbol id="sm-125">
         <name>_Can_msgPop</name>
         <value>0x3f6d52</value>
         <object_component_ref idref="oc-118"/>
      </symbol>
      <symbol id="sm-126">
         <name>_canbuffSto</name>
         <value>0x9700</value>
         <object_component_ref idref="oc-59"/>
      </symbol>
      <symbol id="sm-127">
         <name>_sCHead</name>
         <value>0x96c0</value>
         <object_component_ref idref="oc-59"/>
      </symbol>
      <symbol id="sm-128">
         <name>_rCHead</name>
         <value>0x96c2</value>
         <object_component_ref idref="oc-59"/>
      </symbol>
      <symbol id="sm-129">
         <name>_Can_poolInit</name>
         <value>0x3f6d1b</value>
         <object_component_ref idref="oc-118"/>
      </symbol>
      <symbol id="sm-12a">
         <name>_Can_msgNum</name>
         <value>0x3f6d72</value>
         <object_component_ref idref="oc-118"/>
      </symbol>
      <symbol id="sm-155">
         <name>_Can_dspInterrupt</name>
         <value>0x3f6852</value>
         <object_component_ref idref="oc-111"/>
      </symbol>
      <symbol id="sm-156">
         <name>_can_dspInit</name>
         <value>0x3f66cf</value>
         <object_component_ref idref="oc-111"/>
      </symbol>
      <symbol id="sm-157">
         <name>_Can_dspSend</name>
         <value>0x3f67e9</value>
         <object_component_ref idref="oc-111"/>
      </symbol>
      <symbol id="sm-158">
         <name>_Can_post</name>
         <value>0x3f67c8</value>
         <object_component_ref idref="oc-111"/>
      </symbol>
      <symbol id="sm-16d">
         <name>code_start</name>
         <value>0x3f7ff6</value>
         <object_component_ref idref="oc-68"/>
      </symbol>
      <symbol id="sm-17b">
         <name>_CpuTimer2</name>
         <value>0x98cc</value>
         <object_component_ref idref="oc-6e"/>
      </symbol>
      <symbol id="sm-17c">
         <name>_CpuTimer0</name>
         <value>0x98d4</value>
         <object_component_ref idref="oc-6e"/>
      </symbol>
      <symbol id="sm-17d">
         <name>_CpuTimer1</name>
         <value>0x98c4</value>
         <object_component_ref idref="oc-6e"/>
      </symbol>
      <symbol id="sm-17e">
         <name>_InitCpuTimers</name>
         <value>0x3f6ca9</value>
         <object_component_ref idref="oc-124"/>
      </symbol>
      <symbol id="sm-17f">
         <name>_ConfigCpuTimer</name>
         <value>0x3f6cea</value>
         <object_component_ref idref="oc-124"/>
      </symbol>
      <symbol id="sm-1bd">
         <name>_GpioCtrlRegs</name>
         <value>0x6f80</value>
         <object_component_ref idref="oc-8a"/>
      </symbol>
      <symbol id="sm-1be">
         <name>_PieVectTable</name>
         <value>0xd00</value>
         <object_component_ref idref="oc-8e"/>
      </symbol>
      <symbol id="sm-1bf">
         <name>_SysPwrCtrlRegs</name>
         <value>0x985</value>
         <object_component_ref idref="oc-78"/>
      </symbol>
      <symbol id="sm-1c0">
         <name>_EmuBMode</name>
         <value>0xd01</value>
         <object_component_ref idref="oc-74"/>
      </symbol>
      <symbol id="sm-1c1">
         <name>_CsmRegs</name>
         <value>0xae0</value>
         <object_component_ref idref="oc-81"/>
      </symbol>
      <symbol id="sm-1c2">
         <name>_ECanaLAMRegs</name>
         <value>0x6040</value>
         <object_component_ref idref="oc-89"/>
      </symbol>
      <symbol id="sm-1c3">
         <name>_AdcResult</name>
         <value>0xb00</value>
         <object_component_ref idref="oc-86"/>
      </symbol>
      <symbol id="sm-1c4">
         <name>_CpuTimer1Regs</name>
         <value>0xc08</value>
         <object_component_ref idref="oc-7a"/>
      </symbol>
      <symbol id="sm-1c5">
         <name>_SysCtrlRegs</name>
         <value>0x7010</value>
         <object_component_ref idref="oc-84"/>
      </symbol>
      <symbol id="sm-1c6">
         <name>_SpiaRegs</name>
         <value>0x7040</value>
         <object_component_ref idref="oc-7f"/>
      </symbol>
      <symbol id="sm-1c7">
         <name>_ECanaMOTSRegs</name>
         <value>0x6080</value>
         <object_component_ref idref="oc-88"/>
      </symbol>
      <symbol id="sm-1c8">
         <name>_FlashRegs</name>
         <value>0xa80</value>
         <object_component_ref idref="oc-79"/>
      </symbol>
      <symbol id="sm-1c9">
         <name>_CpuTimer0Regs</name>
         <value>0xc00</value>
         <object_component_ref idref="oc-7b"/>
      </symbol>
      <symbol id="sm-1ca">
         <name>_SciaRegs</name>
         <value>0x7050</value>
         <object_component_ref idref="oc-80"/>
      </symbol>
      <symbol id="sm-1cb">
         <name>_GpioDataRegs</name>
         <value>0x6fc0</value>
         <object_component_ref idref="oc-85"/>
      </symbol>
      <symbol id="sm-1cc">
         <name>_CsmPwl</name>
         <value>0x3f7ff8</value>
         <object_component_ref idref="oc-7c"/>
      </symbol>
      <symbol id="sm-1cd">
         <name>_AdcRegs</name>
         <value>0x7100</value>
         <object_component_ref idref="oc-8d"/>
      </symbol>
      <symbol id="sm-1ce">
         <name>_CpuTimer2Regs</name>
         <value>0xc10</value>
         <object_component_ref idref="oc-7d"/>
      </symbol>
      <symbol id="sm-1cf">
         <name>_PieCtrlRegs</name>
         <value>0xce0</value>
         <object_component_ref idref="oc-83"/>
      </symbol>
      <symbol id="sm-1d0">
         <name>_SpibRegs</name>
         <value>0x7740</value>
         <object_component_ref idref="oc-82"/>
      </symbol>
      <symbol id="sm-1d1">
         <name>_ECanaRegs</name>
         <value>0x6000</value>
         <object_component_ref idref="oc-87"/>
      </symbol>
      <symbol id="sm-1d2">
         <name>_EmuKey</name>
         <value>0xd00</value>
         <object_component_ref idref="oc-75"/>
      </symbol>
      <symbol id="sm-1d3">
         <name>_Cla1Regs</name>
         <value>0x1400</value>
         <object_component_ref idref="oc-8b"/>
      </symbol>
      <symbol id="sm-1d4">
         <name>_GpioIntRegs</name>
         <value>0x6fe0</value>
         <object_component_ref idref="oc-7e"/>
      </symbol>
      <symbol id="sm-1d5">
         <name>_Flash_CPUScaleFactor</name>
         <value>0xd04</value>
         <object_component_ref idref="oc-77"/>
      </symbol>
      <symbol id="sm-1d6">
         <name>_ECanaMboxes</name>
         <value>0x6100</value>
         <object_component_ref idref="oc-8f"/>
      </symbol>
      <symbol id="sm-1d7">
         <name>_ECanaMOTORegs</name>
         <value>0x60c0</value>
         <object_component_ref idref="oc-8c"/>
      </symbol>
      <symbol id="sm-1d8">
         <name>_Flash_CallbackPtr</name>
         <value>0xd02</value>
         <object_component_ref idref="oc-76"/>
      </symbol>
      <symbol id="sm-1e4">
         <name>_InitPieCtrl</name>
         <value>0x3f6ef5</value>
         <object_component_ref idref="oc-123"/>
      </symbol>
      <symbol id="sm-1e5">
         <name>_EnableInterrupts</name>
         <value>0x3f6f14</value>
         <object_component_ref idref="oc-123"/>
      </symbol>
      <symbol id="sm-203">
         <name>_InitPll</name>
         <value>0x3f6929</value>
         <object_component_ref idref="oc-122"/>
      </symbol>
      <symbol id="sm-204">
         <name>_IntOsc1Sel</name>
         <value>0x3f69ef</value>
         <object_component_ref idref="oc-122"/>
      </symbol>
      <symbol id="sm-205">
         <name>_ExtOscSel</name>
         <value>0x3f6a27</value>
         <object_component_ref idref="oc-122"/>
      </symbol>
      <symbol id="sm-206">
         <name>_DisableDog</name>
         <value>0x3f6921</value>
         <object_component_ref idref="oc-122"/>
      </symbol>
      <symbol id="sm-207">
         <name>_InitPeripheralClocks</name>
         <value>0x3f697e</value>
         <object_component_ref idref="oc-122"/>
      </symbol>
      <symbol id="sm-208">
         <name>_IntOsc2Sel</name>
         <value>0x3f69ff</value>
         <object_component_ref idref="oc-122"/>
      </symbol>
      <symbol id="sm-209">
         <name>_CsmUnlock</name>
         <value>0x3f69be</value>
         <object_component_ref idref="oc-122"/>
      </symbol>
      <symbol id="sm-20a">
         <name>_ServiceDog</name>
         <value>0x3f6917</value>
         <object_component_ref idref="oc-122"/>
      </symbol>
      <symbol id="sm-20b">
         <name>_XtalOscSel</name>
         <value>0x3f6a13</value>
         <object_component_ref idref="oc-122"/>
      </symbol>
      <symbol id="sm-20c">
         <name>_InitSysCtrl</name>
         <value>0x3f68fd</value>
         <object_component_ref idref="oc-122"/>
      </symbol>
      <symbol id="sm-218">
         <name>_DSP28x_usDelay</name>
         <value>0x8007</value>
         <object_component_ref idref="oc-a0"/>
      </symbol>
      <symbol id="sm-237">
         <name>_eraseAppFlashSectors</name>
         <value>0x3f6a5c</value>
         <object_component_ref idref="oc-11b"/>
      </symbol>
      <symbol id="sm-238">
         <name>_memcopyEx</name>
         <value>0x3f6a6f</value>
         <object_component_ref idref="oc-11b"/>
      </symbol>
      <symbol id="sm-239">
         <name>_isBootLoadNeed</name>
         <value>0x3f6a3d</value>
         <object_component_ref idref="oc-11b"/>
      </symbol>
      <symbol id="sm-23a">
         <name>_error</name>
         <value>0x8000</value>
         <object_component_ref idref="oc-121"/>
      </symbol>
      <symbol id="sm-23b">
         <name>_CSM_unLock</name>
         <value>0x3f6a82</value>
         <object_component_ref idref="oc-11b"/>
      </symbol>
      <symbol id="sm-23c">
         <name>_BootComplete</name>
         <value>0x3f6a57</value>
         <object_component_ref idref="oc-11b"/>
      </symbol>
      <symbol id="sm-23d">
         <name>_DSP_initBasic</name>
         <value>0x3f6b0a</value>
         <object_component_ref idref="oc-11b"/>
      </symbol>
      <symbol id="sm-23e">
         <name>_DSP_initFlashAPI</name>
         <value>0x3f6ab3</value>
         <object_component_ref idref="oc-11b"/>
      </symbol>
      <symbol id="sm-29a">
         <name>_crc_table</name>
         <value>0x94c0</value>
         <object_component_ref idref="oc-ad"/>
      </symbol>
      <symbol id="sm-29b">
         <name>_bootData</name>
         <value>0x400</value>
         <object_component_ref idref="oc-af"/>
      </symbol>
      <symbol id="sm-29c">
         <name>_BootApp_replay</name>
         <value>0x3f60f8</value>
         <object_component_ref idref="oc-112"/>
      </symbol>
      <symbol id="sm-29d">
         <name>_BootApp_setDspVersion</name>
         <value>0x3f60af</value>
         <object_component_ref idref="oc-112"/>
      </symbol>
      <symbol id="sm-29e">
         <name>_BootApp_handle</name>
         <value>0x3f60c4</value>
         <object_component_ref idref="oc-112"/>
      </symbol>
      <symbol id="sm-29f">
         <name>_chksum</name>
         <value>0x9484</value>
         <object_component_ref idref="oc-ad"/>
      </symbol>
      <symbol id="sm-2a0">
         <name>_bootState</name>
         <value>0x9482</value>
         <object_component_ref idref="oc-ad"/>
      </symbol>
      <symbol id="sm-2a1">
         <name>_BootApp_SM</name>
         <value>0x3f60d2</value>
         <object_component_ref idref="oc-112"/>
      </symbol>
      <symbol id="sm-2a2">
         <name>_BootApp_setDspState</name>
         <value>0x3f60bd</value>
         <object_component_ref idref="oc-112"/>
      </symbol>
      <symbol id="sm-2a3">
         <name>_frameNum</name>
         <value>0x600</value>
         <object_component_ref idref="oc-ae"/>
      </symbol>
      <symbol id="sm-2a4">
         <name>_BootApp_init</name>
         <value>0x3f6056</value>
         <object_component_ref idref="oc-112"/>
      </symbol>
      <symbol id="sm-2a5">
         <name>_BootApp_recievePro</name>
         <value>0x3f60dd</value>
         <object_component_ref idref="oc-112"/>
      </symbol>
      <symbol id="sm-2a6">
         <name>_chkres</name>
         <value>0x9486</value>
         <object_component_ref idref="oc-ad"/>
      </symbol>
      <symbol id="sm-2a7">
         <name>_BootApp_setDspFunction</name>
         <value>0x3f60b6</value>
         <object_component_ref idref="oc-112"/>
      </symbol>
      <symbol id="sm-2a8">
         <name>_BootApp_setDspSeries</name>
         <value>0x3f6067</value>
         <object_component_ref idref="oc-112"/>
      </symbol>
      <symbol id="sm-2a9">
         <name>_BootApp_setDspTips</name>
         <value>0x3f608b</value>
         <object_component_ref idref="oc-112"/>
      </symbol>
      <symbol id="sm-2b6">
         <name>_onAssert</name>
         <value>0x3f6f93</value>
         <object_component_ref idref="oc-120"/>
      </symbol>
      <symbol id="sm-2da">
         <name>_outputAsciiToHex</name>
         <value>0x3f6b8c</value>
         <object_component_ref idref="oc-119"/>
      </symbol>
      <symbol id="sm-2db">
         <name>_NumToString</name>
         <value>0x3f6b61</value>
         <object_component_ref idref="oc-119"/>
      </symbol>
      <symbol id="sm-2dc">
         <name>_cluster_PoolInit</name>
         <value>0x3f6b56</value>
         <object_component_ref idref="oc-119"/>
      </symbol>
      <symbol id="sm-2dd">
         <name>_clusterPool</name>
         <value>0x8800</value>
         <object_component_ref idref="oc-ba"/>
      </symbol>
      <symbol id="sm-2de">
         <name>_clusterbuffSto</name>
         <value>0x8840</value>
         <object_component_ref idref="oc-ba"/>
      </symbol>
      <symbol id="sm-2df">
         <name>_mem_set</name>
         <value>0x3f6bfa</value>
         <object_component_ref idref="oc-119"/>
      </symbol>
      <symbol id="sm-2e0">
         <name>_bzero</name>
         <value>0x3f6be7</value>
         <object_component_ref idref="oc-119"/>
      </symbol>
      <symbol id="sm-300">
         <name>_MemPool_init</name>
         <value>0x3f6c0f</value>
         <object_component_ref idref="oc-11e"/>
      </symbol>
      <symbol id="sm-301">
         <name>_MemPool_put</name>
         <value>0x3f6c5e</value>
         <object_component_ref idref="oc-11e"/>
      </symbol>
      <symbol id="sm-302">
         <name>_MemPool_get</name>
         <value>0x3f6c83</value>
         <object_component_ref idref="oc-11e"/>
      </symbol>
      <symbol id="sm-30a">
         <name>_Flash2803x_Erase</name>
         <value>0x3ff9b3</value>
      </symbol>
      <symbol id="sm-312">
         <name>_Flash2803x_Program</name>
         <value>0x3ff8d2</value>
      </symbol>
      <symbol id="sm-31a">
         <name>_Flash2803x_Verify</name>
         <value>0x3ffdd5</value>
      </symbol>
      <symbol id="sm-335">
         <name>_c_int00</name>
         <value>0x3f6ddd</value>
         <object_component_ref idref="oc-47"/>
      </symbol>
      <symbol id="sm-336">
         <name>__stack</name>
         <value>0x50</value>
         <object_component_ref idref="oc-d2"/>
      </symbol>
      <symbol id="sm-345">
         <name>_copy_in</name>
         <value>0x3f6f1d</value>
         <object_component_ref idref="oc-10d"/>
      </symbol>
      <symbol id="sm-359">
         <name>C$$EXIT</name>
         <value>0x3f6ea3</value>
         <object_component_ref idref="oc-110"/>
      </symbol>
      <symbol id="sm-35a">
         <name>_exit</name>
         <value>0x3f6ea5</value>
         <object_component_ref idref="oc-110"/>
      </symbol>
      <symbol id="sm-35b">
         <name>___TI_cleanup_ptr</name>
         <value>0x9472</value>
         <object_component_ref idref="oc-df"/>
      </symbol>
      <symbol id="sm-35c">
         <name>___TI_enable_exit_profile_output</name>
         <value>0x9470</value>
         <object_component_ref idref="oc-df"/>
      </symbol>
      <symbol id="sm-35d">
         <name>_abort</name>
         <value>0x3f6ea3</value>
         <object_component_ref idref="oc-110"/>
      </symbol>
      <symbol id="sm-35e">
         <name>___TI_dtors_ptr</name>
         <value>0x9474</value>
         <object_component_ref idref="oc-df"/>
      </symbol>
      <symbol id="sm-36f">
         <name>FS$$MPY</name>
         <value>0x3f6d83</value>
         <object_component_ref idref="oc-e4"/>
      </symbol>
      <symbol id="sm-382">
         <name>FS$$TOL</name>
         <value>0x3f6ecc</value>
         <object_component_ref idref="oc-e9"/>
      </symbol>
      <symbol id="sm-393">
         <name>_memcpy</name>
         <value>0x3f6f41</value>
         <object_component_ref idref="oc-113"/>
      </symbol>
      <symbol id="sm-39f">
         <name>__system_pre_init</name>
         <value>0x3f6f97</value>
         <object_component_ref idref="oc-10c"/>
      </symbol>
      <symbol id="sm-3ab">
         <name>__system_post_cinit</name>
         <value>0x3f6f99</value>
         <object_component_ref idref="oc-10e"/>
      </symbol>
      <symbol id="sm-3b7">
         <name>U$$MOD</name>
         <value>0x3f6f7c</value>
         <object_component_ref idref="oc-fd"/>
      </symbol>
      <symbol id="sm-3b8">
         <name>U$$DIV</name>
         <value>0x3f6f77</value>
         <object_component_ref idref="oc-fd"/>
      </symbol>
      <symbol id="sm-3cc">
         <name>__unlock</name>
         <value>0x9478</value>
         <object_component_ref idref="oc-125"/>
      </symbol>
      <symbol id="sm-3cd">
         <name>__lock</name>
         <value>0x9476</value>
         <object_component_ref idref="oc-115"/>
      </symbol>
      <symbol id="sm-3ce">
         <name>__register_lock</name>
         <value>0x3f6f86</value>
         <object_component_ref idref="oc-11c"/>
      </symbol>
      <symbol id="sm-3cf">
         <name>__nop</name>
         <value>0x3f6f8a</value>
         <object_component_ref idref="oc-11c"/>
      </symbol>
      <symbol id="sm-3d0">
         <name>__register_unlock</name>
         <value>0x3f6f82</value>
         <object_component_ref idref="oc-11c"/>
      </symbol>
      <symbol id="sm-3df">
         <name>__args_main</name>
         <value>0x3f6f5e</value>
         <object_component_ref idref="oc-10f"/>
      </symbol>
   </symbol_table>
   <title>Link successful</title>
</link_info>
